Component: ARM Compiler 5.06 update 5 (build 528) Tool: armlink [4d35e2]

==============================================================================

Section Cross References

    startup_stm32f411xe.o(RESET) refers to startup_stm32f411xe.o(STACK) for __initial_sp
    startup_stm32f411xe.o(RESET) refers to startup_stm32f411xe.o(.text) for Reset_Handler
    startup_stm32f411xe.o(RESET) refers to stm32f4xx_it.o(i.NMI_Handler) for NMI_Handler
    startup_stm32f411xe.o(RESET) refers to stm32f4xx_it.o(i.HardFault_Handler) for HardFault_Handler
    startup_stm32f411xe.o(RESET) refers to stm32f4xx_it.o(i.MemManage_Handler) for MemManage_Handler
    startup_stm32f411xe.o(RESET) refers to stm32f4xx_it.o(i.BusFault_Handler) for BusFault_Handler
    startup_stm32f411xe.o(RESET) refers to stm32f4xx_it.o(i.UsageFault_Handler) for UsageFault_Handler
    startup_stm32f411xe.o(RESET) refers to port.o(.emb_text) for SVC_Handler
    startup_stm32f411xe.o(RESET) refers to stm32f4xx_it.o(i.DebugMon_Handler) for DebugMon_Handler
    startup_stm32f411xe.o(RESET) refers to port.o(i.SysTick_Handler) for SysTick_Handler
    startup_stm32f411xe.o(RESET) refers to stm32f4xx_it.o(i.TIM1_UP_TIM10_IRQHandler) for TIM1_UP_TIM10_IRQHandler
    startup_stm32f411xe.o(RESET) refers to stm32f4xx_it.o(i.SPI2_IRQHandler) for SPI2_IRQHandler
    startup_stm32f411xe.o(RESET) refers to stm32f4xx_it.o(i.OTG_FS_IRQHandler) for OTG_FS_IRQHandler
    startup_stm32f411xe.o(.text) refers to system_stm32f4xx.o(i.SystemInit) for SystemInit
    startup_stm32f411xe.o(.text) refers to entry.o(.ARM.Collect$$$$00000000) for __main
    main.o(i.Audio_Init) refers to queue.o(i.xQueueGenericCreate) for xQueueGenericCreate
    main.o(i.Audio_Init) refers to tasks.o(i.xTaskCreate) for xTaskCreate
    main.o(i.Audio_Init) refers to stm32f4xx_hal_i2s.o(i.HAL_I2S_Receive_IT) for HAL_I2S_Receive_IT
    main.o(i.Audio_Init) refers to main.o(.data) for .data
    main.o(i.Audio_Init) refers to freertos.o(i.AudioTask) for AudioTask
    main.o(i.Audio_Init) refers to main.o(.bss) for .bss
    main.o(i.HAL_I2S_RxCpltCallback) refers to memcpya.o(.text) for __aeabi_memcpy
    main.o(i.HAL_I2S_RxCpltCallback) refers to queue.o(i.xQueueGenericSendFromISR) for xQueueGenericSendFromISR
    main.o(i.HAL_I2S_RxCpltCallback) refers to stm32f4xx_hal_i2s.o(i.HAL_I2S_Receive_IT) for HAL_I2S_Receive_IT
    main.o(i.HAL_I2S_RxCpltCallback) refers to main.o(.bss) for .bss
    main.o(i.HAL_I2S_RxCpltCallback) refers to main.o(.data) for .data
    main.o(i.HAL_TIM_PeriodElapsedCallback) refers to stm32f4xx_hal.o(i.HAL_IncTick) for HAL_IncTick
    main.o(i.StartDefaultTask) refers to usb_device.o(i.MX_USB_DEVICE_Init) for MX_USB_DEVICE_Init
    main.o(i.StartDefaultTask) refers to cmsis_os.o(i.osDelay) for osDelay
    main.o(i.SystemClock_Config) refers to memseta.o(.text) for __aeabi_memclr4
    main.o(i.SystemClock_Config) refers to stm32f4xx_hal_rcc.o(i.HAL_RCC_OscConfig) for HAL_RCC_OscConfig
    main.o(i.SystemClock_Config) refers to stm32f4xx_hal_rcc.o(i.HAL_RCC_ClockConfig) for HAL_RCC_ClockConfig
    main.o(i.main) refers to stm32f4xx_hal.o(i.HAL_Init) for HAL_Init
    main.o(i.main) refers to main.o(i.SystemClock_Config) for SystemClock_Config
    main.o(i.main) refers to stm32f4xx_hal_uart.o(i.HAL_UART_Init) for HAL_UART_Init
    main.o(i.main) refers to stm32f4xx_hal_i2s.o(i.HAL_I2S_Init) for HAL_I2S_Init
    main.o(i.main) refers to main.o(i.Audio_Init) for Audio_Init
    main.o(i.main) refers to memcpya.o(.text) for __aeabi_memcpy4
    main.o(i.main) refers to cmsis_os.o(i.osThreadCreate) for osThreadCreate
    main.o(i.main) refers to printfb.o(i.__0printf$bare) for __2printf
    main.o(i.main) refers to cmsis_os.o(i.osKernelStart) for osKernelStart
    main.o(i.main) refers to main.o(.bss) for .bss
    main.o(i.main) refers to main.o(.constdata) for .constdata
    main.o(i.main) refers to main.o(.data) for .data
    main.o(.constdata) refers to main.o(.conststring) for .conststring
    main.o(.constdata) refers to main.o(i.StartDefaultTask) for StartDefaultTask
    freertos.o(i.AudioTask) refers to queue.o(i.xQueueReceive) for xQueueReceive
    freertos.o(i.AudioTask) refers to port.o(i.vPortEnterCritical) for vPortEnterCritical
    freertos.o(i.AudioTask) refers to usbd_conf.o(i.USBD_LL_Transmit) for USBD_LL_Transmit
    freertos.o(i.AudioTask) refers to port.o(i.vPortExitCritical) for vPortExitCritical
    freertos.o(i.AudioTask) refers to main.o(.data) for xAudioQueue
    freertos.o(i.AudioTask) refers to usb_device.o(.bss) for hUsbDeviceFS
    freertos.o(i.vApplicationGetIdleTaskMemory) refers to freertos.o(.bss) for .bss
    stm32f4xx_it.o(i.OTG_FS_IRQHandler) refers to stm32f4xx_hal_pcd.o(i.HAL_PCD_IRQHandler) for HAL_PCD_IRQHandler
    stm32f4xx_it.o(i.OTG_FS_IRQHandler) refers to usbd_conf.o(.bss) for hpcd_USB_OTG_FS
    stm32f4xx_it.o(i.SPI2_IRQHandler) refers to stm32f4xx_hal_i2s.o(i.HAL_I2S_IRQHandler) for HAL_I2S_IRQHandler
[...]
    i.USB_DevDisconnect                      0x08003910   Section        0  stm32f4xx_ll_usb.o(i.USB_DevDisconnect)
    i.USB_DevInit                            0x0800392c   Section        0  stm32f4xx_ll_usb.o(i.USB_DevInit)
    i.USB_DisableGlobalInt                   0x08003a9c   Section        0  stm32f4xx_ll_usb.o(i.USB_DisableGlobalInt)
    i.USB_EP0_OutStart                       0x08003aa8   Section        0  stm32f4xx_ll_usb.o(i.USB_EP0_OutStart)
    i.USB_EPClearStall                       0x08003b00   Section        0  stm32f4xx_ll_usb.o(i.USB_EPClearStall)
    i.USB_EPSetStall                         0x08003b58   Section        0  stm32f4xx_ll_usb.o(i.USB_EPSetStall)
    i.USB_EPStartXfer                        0x08003bb0   Section        0  stm32f4xx_ll_usb.o(i.USB_EPStartXfer)
    i.USB_EPStopXfer                         0x08003de8   Section        0  stm32f4xx_ll_usb.o(i.USB_EPStopXfer)
    i.USB_EnableGlobalInt                    0x08003e84   Section        0  stm32f4xx_ll_usb.o(i.USB_EnableGlobalInt)
    i.USB_FlushRxFifo                        0x08003e90   Section        0  stm32f4xx_ll_usb.o(i.USB_FlushRxFifo)
    i.USB_FlushTxFifo                        0x08003ec8   Section        0  stm32f4xx_ll_usb.o(i.USB_FlushTxFifo)
    i.USB_GetDevSpeed                        0x08003f04   Section        0  stm32f4xx_ll_usb.o(i.USB_GetDevSpeed)
    i.USB_GetMode                            0x08003f1e   Section        0  stm32f4xx_ll_usb.o(i.USB_GetMode)
    i.USB_ReadDevAllInEpInterrupt            0x08003f26   Section        0  stm32f4xx_ll_usb.o(i.USB_ReadDevAllInEpInterrupt)
    i.USB_ReadDevAllOutEpInterrupt           0x08003f34   Section        0  stm32f4xx_ll_usb.o(i.USB_ReadDevAllOutEpInterrupt)
    i.USB_ReadDevInEPInterrupt               0x08003f42   Section        0  stm32f4xx_ll_usb.o(i.USB_ReadDevInEPInterrupt)
    i.USB_ReadDevOutEPInterrupt              0x08003f66   Section        0  stm32f4xx_ll_usb.o(i.USB_ReadDevOutEPInterrupt)
    i.USB_ReadInterrupts                     0x08003f76   Section        0  stm32f4xx_ll_usb.o(i.USB_ReadInterrupts)
    i.USB_ReadPacket                         0x08003f7e   Section        0  stm32f4xx_ll_usb.o(i.USB_ReadPacket)
    i.USB_SetCurrentMode                     0x08003fbc   Section        0  stm32f4xx_ll_usb.o(i.USB_SetCurrentMode)
    i.USB_SetDevAddress                      0x08004018   Section        0  stm32f4xx_ll_usb.o(i.USB_SetDevAddress)
    i.USB_SetTurnaroundTime                  0x0800403c   Section        0  stm32f4xx_ll_usb.o(i.USB_SetTurnaroundTime)
    i.USB_WritePacket                        0x08004124   Section        0  stm32f4xx_ll_usb.o(i.USB_WritePacket)
    i.UsageFault_Handler                     0x0800414a   Section        0  stm32f4xx_it.o(i.UsageFault_Handler)
    i.__0printf$bare                         0x0800414c   Section        0  printfb.o(i.__0printf$bare)
    i.__NVIC_SetPriority                     0x0800415c   Section        0  stm32f4xx_hal_cortex.o(i.__NVIC_SetPriority)
    __NVIC_SetPriority                       0x0800415d   Thumb Code    32  stm32f4xx_hal_cortex.o(i.__NVIC_SetPriority)
    i.__scatterload_copy                     0x0800417c   Section       14  handlers.o(i.__scatterload_copy)
    i.__scatterload_null                     0x0800418a   Section        2  handlers.o(i.__scatterload_null)
    i.__scatterload_zeroinit                 0x0800418c   Section       14  handlers.o(i.__scatterload_zeroinit)
    i._printf_core                           0x0800419a   Section        0  printfb.o(i._printf_core)
    _printf_core                             0x0800419b   Thumb Code    34  printfb.o(i._printf_core)
    i.fputc                                  0x080041bc   Section        0  fputc.o(i.fputc)
    i.main                                   0x080041d0   Section        0  main.o(i.main)
    i.makeFreeRtosPriority                   0x080042bc   Section        0  cmsis_os.o(i.makeFreeRtosPriority)
    makeFreeRtosPriority                     0x080042bd   Thumb Code    12  cmsis_os.o(i.makeFreeRtosPriority)
    i.osDelay                                0x080042c8   Section        0  cmsis_os.o(i.osDelay)
    i.osKernelStart                          0x080042d6   Section        0  cmsis_os.o(i.osKernelStart)
    i.osThreadCreate                         0x080042e0   Section        0  cmsis_os.o(i.osThreadCreate)
    i.prvAddCurrentTaskToDelayedList         0x08004334   Section        0  tasks.o(i.prvAddCurrentTaskToDelayedList)
    prvAddCurrentTaskToDelayedList           0x08004335   Thumb Code   102  tasks.o(i.prvAddCurrentTaskToDelayedList)
    i.prvAddNewTaskToReadyList               0x080043a4   Section        0  tasks.o(i.prvAddNewTaskToReadyList)
    prvAddNewTaskToReadyList                 0x080043a5   Thumb Code   194  tasks.o(i.prvAddNewTaskToReadyList)
    i.prvCopyDataFromQueue                   0x08004474   Section        0  queue.o(i.prvCopyDataFromQueue)
    prvCopyDataFromQueue                     0x08004475   Thumb Code    38  queue.o(i.prvCopyDataFromQueue)
    i.prvCopyDataToQueue                     0x0800449a   Section        0  queue.o(i.prvCopyDataToQueue)
    prvCopyDataToQueue                       0x0800449b   Thumb Code   108  queue.o(i.prvCopyDataToQueue)
    i.prvDeleteTCB                           0x08004506   Section        0  tasks.o(i.prvDeleteTCB)
    prvDeleteTCB                             0x08004507   Thumb Code    52  tasks.o(i.prvDeleteTCB)
    i.prvHeapInit                            0x0800453c   Section        0  heap_4.o(i.prvHeapInit)
    prvHeapInit                              0x0800453d   Thumb Code    66  heap_4.o(i.prvHeapInit)
    i.prvIdleTask                            0x08004588   Section        0  tasks.o(i.prvIdleTask)
    prvIdleTask                              0x08004589   Thumb Code    80  tasks.o(i.prvIdleTask)
    i.prvInitialiseNewQueue                  0x080045e4   Section        0  queue.o(i.prvInitialiseNewQueue)
    prvInitialiseNewQueue                    0x080045e5   Thumb Code    22  queue.o(i.prvInitialiseNewQueue)
    i.prvInitialiseNewTask                   0x080045fa   Section        0  tasks.o(i.prvInitialiseNewTask)
    prvInitialiseNewTask                     0x080045fb   Thumb Code   152  tasks.o(i.prvInitialiseNewTask)
    i.prvInsertBlockIntoFreeList             0x08004694   Section        0  heap_4.o(i.prvInsertBlockIntoFreeList)
    prvInsertBlockIntoFreeList               0x08004695   Thumb Code    72  heap_4.o(i.prvInsertBlockIntoFreeList)
    i.prvIsQueueEmpty                        0x080046e0   Section        0  queue.o(i.prvIsQueueEmpty)
    prvIsQueueEmpty                          0x080046e1   Thumb Code    26  queue.o(i.prvIsQueueEmpty)
    i.prvResetNextTaskUnblockTime            0x080046fc   Section        0  tasks.o(i.prvResetNextTaskUnblockTime)
    prvResetNextTaskUnblockTime              0x080046fd   Thumb Code    26  tasks.o(i.prvResetNextTaskUnblockTime)
    i.prvTaskExitError                       0x0800471c   Section        0  port.o(i.prvTaskExitError)
    prvTaskExitError                         0x0800471d   Thumb Code    36  port.o(i.prvTaskExitError)
    i.prvUnlockQueue                         0x08004744   Section        0  queue.o(i.prvUnlockQueue)
    prvUnlockQueue                           0x08004745   Thumb Code   106  queue.o(i.prvUnlockQueue)
    i.pvPortMalloc                           0x080047b0   Section        0  heap_4.o(i.pvPortMalloc)
    i.pxPortInitialiseStack                  0x0800488c   Section        0  port.o(i.pxPortInitialiseStack)
    i.uxListRemove                           0x080048b8   Section        0  list.o(i.uxListRemove)
    i.vApplicationGetIdleTaskMemory          0x080048e0   Section        0  freertos.o(i.vApplicationGetIdleTaskMemory)
    i.vListInitialise                        0x080048f4   Section        0  list.o(i.vListInitialise)
    i.vListInitialiseItem                    0x0800490a   Section        0  list.o(i.vListInitialiseItem)
    i.vListInsert                            0x08004910   Section        0  list.o(i.vListInsert)
    i.vListInsertEnd                         0x08004940   Section        0  list.o(i.vListInsertEnd)
    i.vPortEnterCritical                     0x08004958   Section        0  port.o(i.vPortEnterCritical)
    i.vPortExitCritical                      0x08004998   Section        0  port.o(i.vPortExitCritical)
    i.vPortFree                              0x080049c0   Section        0  heap_4.o(i.vPortFree)
    i.vPortSetupTimerInterrupt               0x08004a24   Section        0  port.o(i.vPortSetupTimerInterrupt)
    i.vPortValidateInterruptPriority         0x08004a48   Section        0  port.o(i.vPortValidateInterruptPriority)
    i.vTaskDelay                             0x08004a9c   Section        0  tasks.o(i.vTaskDelay)
    i.vTaskInternalSetTimeOutState           0x08004ae8   Section        0  tasks.o(i.vTaskInternalSetTimeOutState)
    i.vTaskMissedYield                       0x08004af8   Section        0  tasks.o(i.vTaskMissedYield)
    i.vTaskPlaceOnEventList                  0x08004b04   Section        0  tasks.o(i.vTaskPlaceOnEventList)
    i.vTaskStartScheduler                    0x08004b34   Section        0  tasks.o(i.vTaskStartScheduler)
    i.vTaskSuspendAll                        0x08004ba0   Section        0  tasks.o(i.vTaskSuspendAll)
    i.vTaskSwitchContext                     0x08004bb0   Section        0  tasks.o(i.vTaskSwitchContext)
    i.xPortStartScheduler                    0x08004c0c   Section        0  port.o(i.xPortStartScheduler)
    i.xQueueGenericCreate                    0x08004d00   Section        0  queue.o(i.xQueueGenericCreate)
    i.xQueueGenericReset                     0x08004d44   Section        0  queue.o(i.xQueueGenericReset)
    i.xQueueGenericSendFromISR               0x08004dcc   Section        0  queue.o(i.xQueueGenericSendFromISR)
    i.xQueueReceive                          0x08004e8c   Section        0  queue.o(i.xQueueReceive)
    i.xTaskCheckForTimeOut                   0x08004fc4   Section        0  tasks.o(i.xTaskCheckForTimeOut)
    i.xTaskCreate                            0x08005038   Section        0  tasks.o(i.xTaskCreate)
    i.xTaskCreateStatic                      0x08005092   Section        0  tasks.o(i.xTaskCreateStatic)
    i.xTaskGetSchedulerState                 0x080050ec   Section        0  tasks.o(i.xTaskGetSchedulerState)
    i.xTaskIncrementTick                     0x08005108   Section        0  tasks.o(i.xTaskIncrementTick)
    i.xTaskPriorityDisinherit                0x080051d4   Section        0  tasks.o(i.xTaskPriorityDisinherit)
    i.xTaskRemoveFromEventList               0x0800526c   Section        0  tasks.o(i.xTaskRemoveFromEventList)
    i.xTaskResumeAll                         0x080052e0   Section        0  tasks.o(i.xTaskResumeAll)
    .constdata                               0x080053a4   Section       28  main.o(.constdata)
    .constdata                               0x080053c0   Section       16  system_stm32f4xx.o(.constdata)
    .constdata                               0x080053d0   Section        8  system_stm32f4xx.o(.constdata)
    .conststring                             0x080053d8   Section       12  main.o(.conststring)
    .data                                    0x20000000   Section        8  main.o(.data)
    .data                                    0x20000008   Section       28  usbd_desc.o(.data)
    .data                                    0x20000024   Section       50  usbd_desc.o(.data)
    .data                                    0x20000058   Section       28  usbd_audio_if.o(.data)
    .data                                    0x20000074   Section       12  stm32f4xx_hal.o(.data)
    .data                                    0x20000080   Section        4  system_stm32f4xx.o(.data)
    .data                                    0x20000084   Section       60  tasks.o(.data)
    uxDeletedTasksWaitingCleanUp             0x20000088   Data           4  tasks.o(.data)
    uxCurrentNumberOfTasks                   0x2000008c   Data           4  tasks.o(.data)
    xTickCount                               0x20000090   Data           4  tasks.o(.data)
    uxTopReadyPriority                       0x20000094   Data           4  tasks.o(.data)
    xSchedulerRunning                        0x20000098   Data           4  tasks.o(.data)
    xPendedTicks                             0x2000009c   Data           4  tasks.o(.data)
    xYieldPending                            0x200000a0   Data           4  tasks.o(.data)
    xNumOfOverflows                          0x200000a4   Data           4  tasks.o(.data)
    uxTaskNumber                             0x200000a8   Data           4  tasks.o(.data)
    xNextTaskUnblockTime                     0x200000ac   Data           4  tasks.o(.data)
    xIdleTaskHandle                          0x200000b0   Data           4  tasks.o(.data)
    uxSchedulerSuspended                     0x200000b4   Data           4  tasks.o(.data)
    pxDelayedTaskList                        0x200000b8   Data           4  tasks.o(.data)
    pxOverflowDelayedTaskList                0x200000bc   Data           4  tasks.o(.data)
    .data                                    0x200000c0   Section       32  heap_4.o(.data)
    pxEnd                                    0x200000c0   Data           4  heap_4.o(.data)
    xFreeBytesRemaining                      0x200000c4   Data           4  heap_4.o(.data)
    xMinimumEverFreeBytesRemaining           0x200000c8   Data           4  heap_4.o(.data)
    xNumberOfSuccessfulAllocations           0x200000cc   Data           4  heap_4.o(.data)
    xNumberOfSuccessfulFrees                 0x200000d0   Data           4  heap_4.o(.data)
    xBlockAllocatedBit                       0x200000d4   Data           4  heap_4.o(.data)
    xStart                                   0x200000d8   Data           8  heap_4.o(.data)
    .data                                    0x200000e0   Section       12  port.o(.data)
    ucMaxSysCallPriority                     0x200000e0   Data           1  port.o(.data)
    uxCriticalNesting                        0x200000e4   Data           4  port.o(.data)
    ulMaxPRIGROUPValue                       0x200000e8   Data           4  port.o(.data)
    .data                                    0x200000ec   Section        1  usbd_ctlreq.o(.data)
    cfgidx                                   0x200000ec   Data           1  usbd_ctlreq.o(.data)
    .data                                    0x200000f0   Section       56  usbd_audio.o(.data)
    .data                                    0x20000128   Section      122  usbd_audio.o(.data)
    USBD_AUDIO_CfgDesc                       0x20000128   Data         109  usbd_audio.o(.data)
    USBD_AUDIO_DeviceQualifierDesc           0x20000198   Data          10  usbd_audio.o(.data)
    .data                                    0x200001a4   Section        4  stdout.o(.data)
    .bss                                     0x200001a8   Section     3216  main.o(.bss)
    i2s_rx_buf                               0x20000238   Data        3072  main.o(.bss)
    .bss                                     0x20000e38   Section      596  freertos.o(.bss)
    xIdleTaskTCBBuffer                       0x20000e38   Data          84  freertos.o(.bss)
    xIdleStack                               0x20000e8c   Data         512  freertos.o(.bss)
    .bss                                     0x2000108c   Section       72  stm32f4xx_hal_timebase_tim.o(.bss)
    .bss                                     0x200010d4   Section      732  usb_device.o(.bss)
    .bss                                     0x200013b0   Section      512  usbd_desc.o(.bss)
    .bss                                     0x200015b0   Section     8376  usbd_conf.o(.bss)
    mem                                      0x200015b0   Data        7124  usbd_conf.o(.bss)
    .bss                                     0x20003668   Section      240  tasks.o(.bss)
    pxReadyTasksLists                        0x20003668   Data         140  tasks.o(.bss)
    xDelayedTaskList1                        0x200036f4   Data          20  tasks.o(.bss)
    xDelayedTaskList2                        0x20003708   Data          20  tasks.o(.bss)
    xPendingReadyList                        0x2000371c   Data          20  tasks.o(.bss)
    xTasksWaitingTermination                 0x20003730   Data          20  tasks.o(.bss)
    xSuspendedTaskList                       0x20003744   Data          20  tasks.o(.bss)
    .bss                                     0x20003758   Section    61440  heap_4.o(.bss)
    ucHeap                                   0x20003758   Data       61440  heap_4.o(.bss)
    STACK                                    0x20012758   Section     1024  startup_stm32f411xe.o(STACK)

    Global Symbols

    Symbol Name                              Value     Ov Type        Size  Object(Section)

    BuildAttributes$$THM_ISAv4$E$P$D$K$B$S$7EM$VFPi3$EXTD16$VFPS$VFMA$PE$A:L22UL41UL21$X:L11$S22US41US21$IEEE1$IW$USESV6$~STKCKD$USESV7$~SHL$OSPACE$ROPI$EBA8$MICROLIB$REQ8$PRES8$EABIv2 0x00000000   Number         0  anon$$obj.o ABSOLUTE
    __ARM_use_no_argv                        0x00000000   Number         0  main.o ABSOLUTE
    __cpp_initialize__aeabi_                  - Undefined Weak Reference
    __cxa_finalize                            - Undefined Weak Reference
    _clock_init                               - Undefined Weak Reference
    _microlib_exit                            - Undefined Weak Reference
    __Vectors_Size                           0x00000198   Number         0  startup_stm32f411xe.o ABSOLUTE
    __Vectors                                0x08000000   Data           4  startup_stm32f411xe.o(RESET)
    __Vectors_End                            0x08000198   Data           0  startup_stm32f411xe.o(RESET)
    __main                                   0x08000199   Thumb Code     0  entry.o(.ARM.Collect$$$$00000000)
    _main_stk                                0x08000199   Thumb Code     0  entry2.o(.ARM.Collect$$$$00000001)
    _main_scatterload                        0x0800019d   Thumb Code     0  entry5.o(.ARM.Collect$$$$00000004)
    __main_after_scatterload                 0x080001a1   Thumb Code     0  entry5.o(.ARM.Collect$$$$00000004)
    _main_clock                              0x080001a1   Thumb Code     0  entry7b.o(.ARM.Collect$$$$00000008)
    _main_cpp_init                           0x080001a1   Thumb Code     0  entry8b.o(.ARM.Collect$$$$0000000A)
    _main_init                               0x080001a1   Thumb Code     0  entry9a.o(.ARM.Collect$$$$0000000B)
    __rt_final_cpp                           0x080001a9   Thumb Code     0  entry10a.o(.ARM.Collect$$$$0000000D)
    __rt_final_exit                          0x080001a9   Thumb Code     0  entry11a.o(.ARM.Collect$$$$0000000F)
    SVC_Handler                              0x080001ad   Thumb Code    28  port.o(.emb_text)
    __asm___6_port_c_39a90d8d__prvStartFirstTask 0x080001cd   Thumb Code    36  port.o(.emb_text)
    __asm___6_port_c_39a90d8d__prvEnableVFP  0x080001f5   Thumb Code    16  port.o(.emb_text)
    PendSV_Handler                           0x08000209   Thumb Code    88  port.o(.emb_text)
    vPortGetIPSR                             0x08000265   Thumb Code     6  port.o(.emb_text)
    Reset_Handler                            0x0800026d   Thumb Code     8  startup_stm32f411xe.o(.text)
    ADC_IRQHandler                           0x08000287   Thumb Code     0  startup_stm32f411xe.o(.text)
    DMA1_Stream0_IRQHandler                  0x08000287   Thumb Code     0  startup_stm32f411xe.o(.text)
    DMA1_Stream1_IRQHandler                  0x08000287   Thumb Code     0  startup_stm32f411xe.o(.text)
    DMA1_Stream2_IRQHandler                  0x08000287   Thumb Code     0  startup_stm32f411xe.o(.text)
    DMA1_Stream3_IRQHandler                  0x08000287   Thumb Code     0  startup_stm32f411xe.o(.text)
    DMA1_Stream4_IRQHandler                  0x08000287   Thumb Code     0  startup_stm32f411xe.o(.text)
    DMA1_Stream5_IRQHandler                  0x08000287   Thumb Code     0  startup_stm32f411xe.o(.text)
    DMA1_Stream6_IRQHandler                  0x08000287   Thumb Code     0  startup_stm32f411xe.o(.text)
    DMA1_Stream7_IRQHandler                  0x08000287   Thumb Code     0  startup_stm32f411xe.o(.text)
    DMA2_Stream0_IRQHandler                  0x08000287   Thumb Code     0  startup_stm32f411xe.o(.text)
    DMA2_Stream1_IRQHandler                  0x08000287   Thumb Code     0  startup_stm32f411xe.o(.text)
    DMA2_Stream2_IRQHandler                  0x08000287   Thumb Code     0  startup_stm32f411xe.o(.text)
    DMA2_Stream3_IRQHandler                  0x08000287   Thumb Code     0  startup_stm32f411xe.o(.text)
    DMA2_Stream4_IRQHandler                  0x08000287   Thumb Code     0  startup_stm32f411xe.o(.text)
    DMA2_Stream5_IRQHandler                  0x08000287   Thumb Code     0  startup_stm32f411xe.o(.text)
    DMA2_Stream6_IRQHandler                  0x08000287   Thumb Code     0  startup_stm32f411xe.o(.text)
    DMA2_Stream7_IRQHandler                  0x08000287   Thumb Code     0  startup_stm32f411xe.o(.text)
    EXTI0_IRQHandler                         0x08000287   Thumb Code     0  startup_stm32f411xe.o(.text)
    EXTI15_10_IRQHandler                     0x08000287   Thumb Code     0  startup_stm32f411xe.o(.text)
    EXTI1_IRQHandler                         0x08000287   Thumb Code     0  startup_stm32f411xe.o(.text)
    EXTI2_IRQHandler                         0x08000287   Thumb Code     0  startup_stm32f411xe.o(.text)
    EXTI3_IRQHandler                         0x08000287   Thumb Code     0  startup_stm32f411xe.o(.text)
    EXTI4_IRQHandler                         0x08000287   Thumb Code     0  startup_stm32f411xe.o(.text)
    EXTI9_5_IRQHandler                       0x08000287   Thumb Code     0  startup_stm32f411xe.o(.text)
    FLASH_IRQHandler                         0x08000287   Thumb Code     0  startup_stm32f411xe.o(.text)
    FPU_IRQHandler                           0x08000287   Thumb Code     0  startup_stm32f411xe.o(.text)
    I2C1_ER_IRQHandler                       0x08000287   Thumb Code     0  startup_stm32f411xe.o(.text)
    I2C1_EV_IRQHandler                       0x08000287   Thumb Code     0  startup_stm32f411xe.o(.text)
    I2C2_ER_IRQHandler                       0x08000287   Thumb Code     0  startup_stm32f411xe.o(.text)
    I2C2_EV_IRQHandler                       0x08000287   Thumb Code     0  startup_stm32f411xe.o(.text)
    I2C3_ER_IRQHandler                       0x08000287   Thumb Code     0  startup_stm32f411xe.o(.text)
    I2C3_EV_IRQHandler                       0x08000287   Thumb Code     0  startup_stm32f411xe.o(.text)
    OTG_FS_WKUP_IRQHandler                   0x08000287   Thumb Code     0  startup_stm32f411xe.o(.text)
    PVD_IRQHandler                           0x08000287   Thumb Code     0  startup_stm32f411xe.o(.text)
    RCC_IRQHandler                           0x08000287   Thumb Code     0  startup_stm32f411xe.o(.text)
    RTC_Alarm_IRQHandler                     0x08000287   Thumb Code     0  startup_stm32f411xe.o(.text)
    RTC_WKUP_IRQHandler                      0x08000287   Thumb Code     0  startup_stm32f411xe.o(.text)
    SDIO_IRQHandler                          0x08000287   Thumb Code     0  startup_stm32f411xe.o(.text)
    SPI1_IRQHandler                          0x08000287   Thumb Code     0  startup_stm32f411xe.o(.text)
    SPI3_IRQHandler                          0x08000287   Thumb Code     0  startup_stm32f411xe.o(.text)
    SPI4_IRQHandler                          0x08000287   Thumb Code     0  startup_stm32f411xe.o(.text)
    SPI5_IRQHandler                          0x08000287   Thumb Code     0  startup_stm32f411xe.o(.text)
    TAMP_STAMP_IRQHandler                    0x08000287   Thumb Code     0  startup_stm32f411xe.o(.text)
    TIM1_BRK_TIM9_IRQHandler                 0x08000287   Thumb Code     0  startup_stm32f411xe.o(.text)
    TIM1_CC_IRQHandler                       0x08000287   Thumb Code     0  startup_stm32f411xe.o(.text)
    TIM1_TRG_COM_TIM11_IRQHandler            0x08000287   Thumb Code     0  startup_stm32f411xe.o(.text)
    TIM2_IRQHandler                          0x08000287   Thumb Code     0  startup_stm32f411xe.o(.text)
    TIM3_IRQHandler                          0x08000287   Thumb Code     0  startup_stm32f411xe.o(.text)
    TIM4_IRQHandler                          0x08000287   Thumb Code     0  startup_stm32f411xe.o(.text)
    TIM5_IRQHandler                          0x08000287   Thumb Code     0  startup_stm32f411xe.o(.text)
    USART1_IRQHandler                        0x08000287   Thumb Code     0  startup_stm32f411xe.o(.text)
    USART2_IRQHandler                        0x08000287   Thumb Code     0  startup_stm32f411xe.o(.text)
    USART6_IRQHandler                        0x08000287   Thumb Code     0  startup_stm32f411xe.o(.text)
    WWDG_IRQHandler                          0x08000287   Thumb Code     0  startup_stm32f411xe.o(.text)
    __aeabi_uldivmod                         0x08000291   Thumb Code    98  uldiv.o(.text)
    __aeabi_memcpy                           0x080002f3   Thumb Code    36  memcpya.o(.text)
    __aeabi_memcpy4                          0x080002f3   Thumb Code     0  memcpya.o(.text)
    __aeabi_memcpy8                          0x080002f3   Thumb Code     0  memcpya.o(.text)
    __aeabi_memset                           0x08000317   Thumb Code    14  memseta.o(.text)
    __aeabi_memset4                          0x08000317   Thumb Code     0  memseta.o(.text)
    __aeabi_memset8                          0x08000317   Thumb Code     0  memseta.o(.text)
    __aeabi_memclr                           0x08000325   Thumb Code     4  memseta.o(.text)
    __aeabi_memclr4                          0x08000325   Thumb Code     0  memseta.o(.text)
    __aeabi_memclr8                          0x08000325   Thumb Code     0  memseta.o(.text)
    memset                                   0x08000329   Thumb Code    18  memseta.o(.text)
    strlen                                   0x0800033b   Thumb Code    14  strlen.o(.text)
    __aeabi_llsl                             0x08000349   Thumb Code    30  llshl.o(.text)
    _ll_shift_l                              0x08000349   Thumb Code     0  llshl.o(.text)
    __aeabi_llsr                             0x08000367   Thumb Code    32  llushr.o(.text)
    _ll_ushift_r                             0x08000367   Thumb Code     0  llushr.o(.text)
    __scatterload                            0x08000389   Thumb Code    28  init.o(.text)
    __scatterload_rt2                        0x08000389   Thumb Code     0  init.o(.text)
    __I$use$semihosting$fputc                0x080003ad   Thumb Code     0  iusesemip.o(.text)
    __decompress                             0x080003ad   Thumb Code     0  __dczerorl2.o(.text)
    __decompress1                            0x080003ad   Thumb Code    86  __dczerorl2.o(.text)
    __semihosting_library_function           0x080003ad   Thumb Code     0  semi.o(.text)
    AudioTask                                0x08000421   Thumb Code    46  freertos.o(i.AudioTask)
    Audio_Init                               0x08000459   Thumb Code    66  main.o(i.Audio_Init)
    BusFault_Handler                         0x080004b5   Thumb Code     2  stm32f4xx_it.o(i.BusFault_Handler)
    DebugMon_Handler                         0x080004b7   Thumb Code     2  stm32f4xx_it.o(i.DebugMon_Handler)
    Error_Handler                            0x080004b9   Thumb Code     4  main.o(i.Error_Handler)
    HAL_Delay                                0x080004bd   Thumb Code    32  stm32f4xx_hal.o(i.HAL_Delay)
    HAL_GPIO_Init                            0x080004e1   Thumb Code   388  stm32f4xx_hal_gpio.o(i.HAL_GPIO_Init)
    HAL_GetTick                              0x08000685   Thumb Code     6  stm32f4xx_hal.o(i.HAL_GetTick)
    HAL_I2SEx_FullDuplex_IRQHandler          0x08000691   Thumb Code   492  stm32f4xx_hal_i2s_ex.o(i.HAL_I2SEx_FullDuplex_IRQHandler)
    HAL_I2SEx_TxRxCpltCallback               0x08000885   Thumb Code     2  stm32f4xx_hal_i2s_ex.o(i.HAL_I2SEx_TxRxCpltCallback)
    HAL_I2S_ErrorCallback                    0x08000887   Thumb Code     2  stm32f4xx_hal_i2s.o(i.HAL_I2S_ErrorCallback)
    HAL_I2S_IRQHandler                       0x08000889   Thumb Code     4  stm32f4xx_hal_i2s.o(i.HAL_I2S_IRQHandler)
    HAL_I2S_Init                             0x0800088d   Thumb Code   356  stm32f4xx_hal_i2s.o(i.HAL_I2S_Init)
    HAL_I2S_MspInit                          0x08000a01   Thumb Code   180  stm32f4xx_hal_msp.o(i.HAL_I2S_MspInit)
    HAL_I2S_Receive_IT                       0x08000ac5   Thumb Code   112  stm32f4xx_hal_i2s.o(i.HAL_I2S_Receive_IT)
    HAL_I2S_RxCpltCallback                   0x08000b35   Thumb Code    82  main.o(i.HAL_I2S_RxCpltCallback)
    HAL_I2S_TxCpltCallback                   0x08000b95   Thumb Code     2  stm32f4xx_hal_i2s.o(i.HAL_I2S_TxCpltCallback)
    HAL_IncTick                              0x08000b99   Thumb Code    12  stm32f4xx_hal.o(i.HAL_IncTick)
    HAL_Init                                 0x08000ba9   Thumb Code    48  stm32f4xx_hal.o(i.HAL_Init)
    HAL_InitTick                             0x08000bdd   Thumb Code   118  stm32f4xx_hal_timebase_tim.o(i.HAL_InitTick)
    HAL_MspInit                              0x08000c69   Thumb Code    52  stm32f4xx_hal_msp.o(i.HAL_MspInit)
    HAL_NVIC_EnableIRQ                       0x08000ca1   Thumb Code    26  stm32f4xx_hal_cortex.o(i.HAL_NVIC_EnableIRQ)
    HAL_NVIC_SetPriority                     0x08000cbd   Thumb Code    60  stm32f4xx_hal_cortex.o(i.HAL_NVIC_SetPriority)
    HAL_NVIC_SetPriorityGrouping             0x08000cfd   Thumb Code    26  stm32f4xx_hal_cortex.o(i.HAL_NVIC_SetPriorityGrouping)
    HAL_PCDEx_LPM_Callback                   0x08000d21   Thumb Code     2  stm32f4xx_hal_pcd_ex.o(i.HAL_PCDEx_LPM_Callback)
    HAL_PCDEx_SetRxFiFo                      0x08000d23   Thumb Code     8  stm32f4xx_hal_pcd_ex.o(i.HAL_PCDEx_SetRxFiFo)
    HAL_PCDEx_SetTxFiFo                      0x08000d2b   Thumb Code    68  stm32f4xx_hal_pcd_ex.o(i.HAL_PCDEx_SetTxFiFo)
    HAL_PCD_ConnectCallback                  0x08000d6f   Thumb Code     8  usbd_conf.o(i.HAL_PCD_ConnectCallback)
    HAL_PCD_DataInStageCallback              0x08000d77   Thumb Code    18  usbd_conf.o(i.HAL_PCD_DataInStageCallback)
    HAL_PCD_DataOutStageCallback             0x08000d89   Thumb Code    20  usbd_conf.o(i.HAL_PCD_DataOutStageCallback)
    HAL_PCD_DisconnectCallback               0x08000d9d   Thumb Code     8  usbd_conf.o(i.HAL_PCD_DisconnectCallback)
    HAL_PCD_EP_Abort                         0x08000da5   Thumb Code    30  stm32f4xx_hal_pcd.o(i.HAL_PCD_EP_Abort)
    HAL_PCD_EP_Close                         0x08000dc3   Thumb Code    74  stm32f4xx_hal_pcd.o(i.HAL_PCD_EP_Close)
    HAL_PCD_EP_ClrStall                      0x08000e0d   Thumb Code    90  stm32f4xx_hal_pcd.o(i.HAL_PCD_EP_ClrStall)
    HAL_PCD_EP_Open                          0x08000e67   Thumb Code    98  stm32f4xx_hal_pcd.o(i.HAL_PCD_EP_Open)
    HAL_PCD_EP_Receive                       0x08000ec9   Thumb Code    56  stm32f4xx_hal_pcd.o(i.HAL_PCD_EP_Receive)
    HAL_PCD_EP_SetStall                      0x08000f01   Thumb Code   114  stm32f4xx_hal_pcd.o(i.HAL_PCD_EP_SetStall)
    HAL_PCD_EP_Transmit                      0x08000f73   Thumb Code    50  stm32f4xx_hal_pcd.o(i.HAL_PCD_EP_Transmit)
    HAL_PCD_IRQHandler                       0x08000fa5   Thumb Code  1350  stm32f4xx_hal_pcd.o(i.HAL_PCD_IRQHandler)
    HAL_PCD_ISOINIncompleteCallback          0x080014f1   Thumb Code     8  usbd_conf.o(i.HAL_PCD_ISOINIncompleteCallback)
    HAL_PCD_ISOOUTIncompleteCallback         0x080014f9   Thumb Code     8  usbd_conf.o(i.HAL_PCD_ISOOUTIncompleteCallback)
    HAL_PCD_Init                             0x08001501   Thumb Code   202  stm32f4xx_hal_pcd.o(i.HAL_PCD_Init)
    HAL_PCD_MspInit                          0x080015cd   Thumb Code   122  usbd_conf.o(i.HAL_PCD_MspInit)
    HAL_PCD_ResetCallback                    0x08001651   Thumb Code    38  usbd_conf.o(i.HAL_PCD_ResetCallback)
    HAL_PCD_ResumeCallback                   0x08001677   Thumb Code     8  usbd_conf.o(i.HAL_PCD_ResumeCallback)
    HAL_PCD_SOFCallback                      0x0800167f   Thumb Code     8  usbd_conf.o(i.HAL_PCD_SOFCallback)
    HAL_PCD_SetAddress                       0x08001687   Thumb Code    38  stm32f4xx_hal_pcd.o(i.HAL_PCD_SetAddress)
    HAL_PCD_SetupStageCallback               0x080016ad   Thumb Code    14  usbd_conf.o(i.HAL_PCD_SetupStageCallback)
    HAL_PCD_Start                            0x080016bb   Thumb Code    66  stm32f4xx_hal_pcd.o(i.HAL_PCD_Start)
    HAL_PCD_SuspendCallback                  0x080016fd   Thumb Code    44  usbd_conf.o(i.HAL_PCD_SuspendCallback)
    HAL_RCCEx_GetPeriphCLKFreq               0x0800172d   Thumb Code    76  stm32f4xx_hal_rcc_ex.o(i.HAL_RCCEx_GetPeriphCLKFreq)
    HAL_RCCEx_PeriphCLKConfig                0x0800178d   Thumb Code   312  stm32f4xx_hal_rcc_ex.o(i.HAL_RCCEx_PeriphCLKConfig)
    HAL_RCC_ClockConfig                      0x080018dd   Thumb Code   288  stm32f4xx_hal_rcc.o(i.HAL_RCC_ClockConfig)
    HAL_RCC_GetClockConfig                   0x08001a11   Thumb Code    54  stm32f4xx_hal_rcc.o(i.HAL_RCC_GetClockConfig)
    HAL_RCC_GetHCLKFreq                      0x08001a51   Thumb Code     6  stm32f4xx_hal_rcc.o(i.HAL_RCC_GetHCLKFreq)
    HAL_RCC_GetPCLK1Freq                     0x08001a5d   Thumb Code    20  stm32f4xx_hal_rcc.o(i.HAL_RCC_GetPCLK1Freq)
    HAL_RCC_GetPCLK2Freq                     0x08001a7d   Thumb Code    20  stm32f4xx_hal_rcc.o(i.HAL_RCC_GetPCLK2Freq)
    HAL_RCC_GetSysClockFreq                  0x08001a9d   Thumb Code    88  stm32f4xx_hal_rcc.o(i.HAL_RCC_GetSysClockFreq)
    HAL_RCC_OscConfig                        0x08001b01   Thumb Code   836  stm32f4xx_hal_rcc.o(i.HAL_RCC_OscConfig)
    HAL_TIMEx_BreakCallback                  0x08001e59   Thumb Code     2  stm32f4xx_hal_tim_ex.o(i.HAL_TIMEx_BreakCallback)
    HAL_TIMEx_CommutCallback                 0x08001e5b   Thumb Code     2  stm32f4xx_hal_tim_ex.o(i.HAL_TIMEx_CommutCallback)
    HAL_TIM_Base_Init                        0x08001e5d   Thumb Code    90  stm32f4xx_hal_tim.o(i.HAL_TIM_Base_Init)
    HAL_TIM_Base_MspInit                     0x08001eb7   Thumb Code     2  stm32f4xx_hal_tim.o(i.HAL_TIM_Base_MspInit)
    HAL_TIM_Base_Start_IT                    0x08001eb9   Thumb Code    88  stm32f4xx_hal_tim.o(i.HAL_TIM_Base_Start_IT)
    HAL_TIM_IC_CaptureCallback               0x08001f25   Thumb Code     2  stm32f4xx_hal_tim.o(i.HAL_TIM_IC_CaptureCallback)
    HAL_TIM_IRQHandler                       0x08001f27   Thumb Code   304  stm32f4xx_hal_tim.o(i.HAL_TIM_IRQHandler)
    HAL_TIM_OC_DelayElapsedCallback          0x08002057   Thumb Code     2  stm32f4xx_hal_tim.o(i.HAL_TIM_OC_DelayElapsedCallback)
    HAL_TIM_PWM_PulseFinishedCallback        0x08002059   Thumb Code     2  stm32f4xx_hal_tim.o(i.HAL_TIM_PWM_PulseFinishedCallback)
    HAL_TIM_PeriodElapsedCallback            0x0800205d   Thumb Code    14  main.o(i.HAL_TIM_PeriodElapsedCallback)
    HAL_TIM_TriggerCallback                  0x08002071   Thumb Code     2  stm32f4xx_hal_tim.o(i.HAL_TIM_TriggerCallback)
    HAL_UART_Init                            0x08002073   Thumb Code   100  stm32f4xx_hal_uart.o(i.HAL_UART_Init)
    HAL_UART_MspInit                         0x080020d9   Thumb Code    92  stm32f4xx_hal_msp.o(i.HAL_UART_MspInit)
    HAL_UART_Transmit                        0x08002141   Thumb Code   160  stm32f4xx_hal_uart.o(i.HAL_UART_Transmit)
    HardFault_Handler                        0x080021e1   Thumb Code     2  stm32f4xx_it.o(i.HardFault_Handler)
    MX_USB_DEVICE_Init                       0x080023cd   Thumb Code    66  usb_device.o(i.MX_USB_DEVICE_Init)
    MemManage_Handler                        0x08002421   Thumb Code     2  stm32f4xx_it.o(i.MemManage_Handler)
    NMI_Handler                              0x08002423   Thumb Code     2  stm32f4xx_it.o(i.NMI_Handler)
    OTG_FS_IRQHandler                        0x08002425   Thumb Code     6  stm32f4xx_it.o(i.OTG_FS_IRQHandler)
    SPI2_IRQHandler                          0x08002595   Thumb Code     6  stm32f4xx_it.o(i.SPI2_IRQHandler)
    StartDefaultTask                         0x080025ab   Thumb Code    12  main.o(i.StartDefaultTask)
    SysTick_Handler                          0x080025b9   Thumb Code    38  port.o(i.SysTick_Handler)
    SystemClock_Config                       0x080025e5   Thumb Code   136  main.o(i.SystemClock_Config)
    SystemInit                               0x08002675   Thumb Code    12  system_stm32f4xx.o(i.SystemInit)
    TIM1_UP_TIM10_IRQHandler                 0x08002685   Thumb Code     6  stm32f4xx_it.o(i.TIM1_UP_TIM10_IRQHandler)
    TIM_Base_SetConfig                       0x08002691   Thumb Code   130  stm32f4xx_hal_tim.o(i.TIM_Base_SetConfig)
    USBD_AUDIO_RegisterInterface             0x08002a0d   Thumb Code    10  usbd_audio.o(i.USBD_AUDIO_RegisterInterface)
    USBD_ClrClassConfig                      0x08002b6d   Thumb Code    20  usbd_core.o(i.USBD_ClrClassConfig)
    USBD_CoreFindEP                          0x08002b81   Thumb Code     4  usbd_core.o(i.USBD_CoreFindEP)
    USBD_CoreFindIF                          0x08002b85   Thumb Code     4  usbd_core.o(i.USBD_CoreFindIF)
    USBD_CtlContinueRx                       0x08002b89   Thumb Code    16  usbd_ioreq.o(i.USBD_CtlContinueRx)
    USBD_CtlContinueSendData                 0x08002b99   Thumb Code    16  usbd_ioreq.o(i.USBD_CtlContinueSendData)
    USBD_CtlError                            0x08002ba9   Thumb Code    22  usbd_ctlreq.o(i.USBD_CtlError)
    USBD_CtlPrepareRx                        0x08002bbf   Thumb Code    34  usbd_ioreq.o(i.USBD_CtlPrepareRx)
    USBD_CtlReceiveStatus                    0x08002be1   Thumb Code    22  usbd_ioreq.o(i.USBD_CtlReceiveStatus)
    USBD_CtlSendData                         0x08002bf7   Thumb Code    28  usbd_ioreq.o(i.USBD_CtlSendData)
    USBD_CtlSendStatus                       0x08002c13   Thumb Code    22  usbd_ioreq.o(i.USBD_CtlSendStatus)
    USBD_FS_ConfigStrDescriptor              0x08002c29   Thumb Code    16  usbd_desc.o(i.USBD_FS_ConfigStrDescriptor)
    USBD_FS_DeviceDescriptor                 0x08002c4d   Thumb Code     8  usbd_desc.o(i.USBD_FS_DeviceDescriptor)
    USBD_FS_InterfaceStrDescriptor           0x08002c59   Thumb Code    16  usbd_desc.o(i.USBD_FS_InterfaceStrDescriptor)
    USBD_FS_LangIDStrDescriptor              0x08002c7d   Thumb Code     8  usbd_desc.o(i.USBD_FS_LangIDStrDescriptor)
    USBD_FS_ManufacturerStrDescriptor        0x08002c89   Thumb Code    16  usbd_desc.o(i.USBD_FS_ManufacturerStrDescriptor)
    USBD_FS_ProductStrDescriptor             0x08002cb1   Thumb Code    16  usbd_desc.o(i.USBD_FS_ProductStrDescriptor)
    USBD_FS_SerialStrDescriptor              0x08002cd9   Thumb Code    48  usbd_desc.o(i.USBD_FS_SerialStrDescriptor)
    USBD_GetString                           0x08002e0b   Thumb Code    78  usbd_ctlreq.o(i.USBD_GetString)
    USBD_Get_USB_Status                      0x08002e59   Thumb Code    24  usbd_conf.o(i.USBD_Get_USB_Status)
    USBD_Init                                0x08002e71   Thumb Code    38  usbd_core.o(i.USBD_Init)
    USBD_LL_ClearStallEP                     0x08002e97   Thumb Code    18  usbd_conf.o(i.USBD_LL_ClearStallEP)
    USBD_LL_CloseEP                          0x08002ea9   Thumb Code    18  usbd_conf.o(i.USBD_LL_CloseEP)
    USBD_LL_DataInStage                      0x08002ebb   Thumb Code   184  usbd_core.o(i.USBD_LL_DataInStage)
    USBD_LL_DataOutStage                     0x08002f73   Thumb Code   148  usbd_core.o(i.USBD_LL_DataOutStage)
    USBD_LL_DevConnected                     0x08003007   Thumb Code     4  usbd_core.o(i.USBD_LL_DevConnected)
    USBD_LL_DevDisconnected                  0x0800300b   Thumb Code    30  usbd_core.o(i.USBD_LL_DevDisconnected)
    USBD_LL_Init                             0x08003029   Thumb Code    90  usbd_conf.o(i.USBD_LL_Init)
    USBD_LL_IsStallEP                        0x08003089   Thumb Code    30  usbd_conf.o(i.USBD_LL_IsStallEP)
    USBD_LL_IsoINIncomplete                  0x080030a7   Thumb Code    40  usbd_core.o(i.USBD_LL_IsoINIncomplete)
    USBD_LL_IsoOUTIncomplete                 0x080030cf   Thumb Code    40  usbd_core.o(i.USBD_LL_IsoOUTIncomplete)
    USBD_LL_OpenEP                           0x080030f7   Thumb Code    24  usbd_conf.o(i.USBD_LL_OpenEP)
    USBD_LL_PrepareReceive                   0x0800310f   Thumb Code    18  usbd_conf.o(i.USBD_LL_PrepareReceive)
    USBD_LL_Reset                            0x08003121   Thumb Code    94  usbd_core.o(i.USBD_LL_Reset)
    USBD_LL_Resume                           0x0800317f   Thumb Code    20  usbd_core.o(i.USBD_LL_Resume)
    USBD_LL_SOF                              0x08003193   Thumb Code    26  usbd_core.o(i.USBD_LL_SOF)
    USBD_LL_SetSpeed                         0x080031ad   Thumb Code     6  usbd_core.o(i.USBD_LL_SetSpeed)
    USBD_LL_SetUSBAddress                    0x080031b3   Thumb Code    18  usbd_conf.o(i.USBD_LL_SetUSBAddress)
    USBD_LL_SetupStage                       0x080031c5   Thumb Code    96  usbd_core.o(i.USBD_LL_SetupStage)
    USBD_LL_StallEP                          0x08003225   Thumb Code    18  usbd_conf.o(i.USBD_LL_StallEP)
    USBD_LL_Start                            0x08003237   Thumb Code    18  usbd_conf.o(i.USBD_LL_Start)
    USBD_LL_Suspend                          0x08003249   Thumb Code    26  usbd_core.o(i.USBD_LL_Suspend)
    USBD_LL_Transmit                         0x08003263   Thumb Code    18  usbd_conf.o(i.USBD_LL_Transmit)
    USBD_ParseSetupRequest                   0x08003275   Thumb Code    48  usbd_ctlreq.o(i.USBD_ParseSetupRequest)
    USBD_RegisterClass                       0x080032a5   Thumb Code    58  usbd_core.o(i.USBD_RegisterClass)
    USBD_SetClassConfig                      0x080032df   Thumb Code    20  usbd_core.o(i.USBD_SetClassConfig)
    USBD_Start                               0x080033ad   Thumb Code     4  usbd_core.o(i.USBD_Start)
    USBD_StdDevReq                           0x080033b1   Thumb Code   300  usbd_ctlreq.o(i.USBD_StdDevReq)
    USBD_StdEPReq                            0x080034dd   Thumb Code   358  usbd_ctlreq.o(i.USBD_StdEPReq)
    USBD_StdItfReq                           0x08003643   Thumb Code   114  usbd_ctlreq.o(i.USBD_StdItfReq)
    USBD_static_free                         0x080036b5   Thumb Code     2  usbd_conf.o(i.USBD_static_free)
    USBD_static_malloc                       0x080036b9   Thumb Code     4  usbd_conf.o(i.USBD_static_malloc)
    USB_ActivateEndpoint                     0x080036c1   Thumb Code   122  stm32f4xx_ll_usb.o(i.USB_ActivateEndpoint)
    USB_ActivateSetup                        0x08003741   Thumb Code    28  stm32f4xx_ll_usb.o(i.USB_ActivateSetup)
    USB_CoreInit                             0x0800375d   Thumb Code   126  stm32f4xx_ll_usb.o(i.USB_CoreInit)
    USB_DeactivateEndpoint                   0x08003825   Thumb Code   198  stm32f4xx_ll_usb.o(i.USB_DeactivateEndpoint)
    USB_DevConnect                           0x080038f5   Thumb Code    28  stm32f4xx_ll_usb.o(i.USB_DevConnect)
    USB_DevDisconnect                        0x08003911   Thumb Code    28  stm32f4xx_ll_usb.o(i.USB_DevDisconnect)
    USB_DevInit                              0x0800392d   Thumb Code   358  stm32f4xx_ll_usb.o(i.USB_DevInit)
    USB_DisableGlobalInt                     0x08003a9d   Thumb Code    12  stm32f4xx_ll_usb.o(i.USB_DisableGlobalInt)
    USB_EP0_OutStart                         0x08003aa9   Thumb Code    84  stm32f4xx_ll_usb.o(i.USB_EP0_OutStart)
    USB_EPClearStall                         0x08003b01   Thumb Code    88  stm32f4xx_ll_usb.o(i.USB_EPClearStall)
    USB_EPSetStall                           0x08003b59   Thumb Code    88  stm32f4xx_ll_usb.o(i.USB_EPSetStall)
    USB_EPStartXfer                          0x08003bb1   Thumb Code   562  stm32f4xx_ll_usb.o(i.USB_EPStartXfer)
    USB_EPStopXfer                           0x08003de9   Thumb Code   156  stm32f4xx_ll_usb.o(i.USB_EPStopXfer)
    USB_EnableGlobalInt                      0x08003e85   Thumb Code    12  stm32f4xx_ll_usb.o(i.USB_EnableGlobalInt)
    USB_FlushRxFifo                          0x08003e91   Thumb Code    56  stm32f4xx_ll_usb.o(i.USB_FlushRxFifo)
    USB_FlushTxFifo                          0x08003ec9   Thumb Code    60  stm32f4xx_ll_usb.o(i.USB_FlushTxFifo)
    USB_GetDevSpeed                          0x08003f05   Thumb Code    26  stm32f4xx_ll_usb.o(i.USB_GetDevSpeed)
    USB_GetMode                              0x08003f1f   Thumb Code     8  stm32f4xx_ll_usb.o(i.USB_GetMode)
    USB_ReadDevAllInEpInterrupt              0x08003f27   Thumb Code    14  stm32f4xx_ll_usb.o(i.USB_ReadDevAllInEpInterrupt)
    USB_ReadDevAllOutEpInterrupt             0x08003f35   Thumb Code    14  stm32f4xx_ll_usb.o(i.USB_ReadDevAllOutEpInterrupt)
    USB_ReadDevInEPInterrupt                 0x08003f43   Thumb Code    36  stm32f4xx_ll_usb.o(i.USB_ReadDevInEPInterrupt)
    USB_ReadDevOutEPInterrupt                0x08003f67   Thumb Code    16  stm32f4xx_ll_usb.o(i.USB_ReadDevOutEPInterrupt)
    USB_ReadInterrupts                       0x08003f77   Thumb Code     8  stm32f4xx_ll_usb.o(i.USB_ReadInterrupts)
    USB_ReadPacket                           0x08003f7f   Thumb Code    62  stm32f4xx_ll_usb.o(i.USB_ReadPacket)
    USB_SetCurrentMode                       0x08003fbd   Thumb Code    92  stm32f4xx_ll_usb.o(i.USB_SetCurrentMode)
    USB_SetDevAddress                        0x08004019   Thumb Code    34  stm32f4xx_ll_usb.o(i.USB_SetDevAddress)
    USB_SetTurnaroundTime                    0x0800403d   Thumb Code   158  stm32f4xx_ll_usb.o(i.USB_SetTurnaroundTime)
    USB_WritePacket                          0x08004125   Thumb Code    38  stm32f4xx_ll_usb.o(i.USB_WritePacket)
    UsageFault_Handler                       0x0800414b   Thumb Code     2  stm32f4xx_it.o(i.UsageFault_Handler)
    __0printf$bare                           0x0800414d   Thumb Code     8  printfb.o(i.__0printf$bare)
    __1printf$bare                           0x0800414d   Thumb Code     0  printfb.o(i.__0printf$bare)
    __2printf                                0x0800414d   Thumb Code     0  printfb.o(i.__0printf$bare)
    __scatterload_copy                       0x0800417d   Thumb Code    14  handlers.o(i.__scatterload_copy)
    __scatterload_null                       0x0800418b   Thumb Code     2  handlers.o(i.__scatterload_null)
    __scatterload_zeroinit                   0x0800418d   Thumb Code    14  handlers.o(i.__scatterload_zeroinit)
    fputc                                    0x080041bd   Thumb Code    18  fputc.o(i.fputc)
    main                                     0x080041d1   Thumb Code   186  main.o(i.main)
    osDelay                                  0x080042c9   Thumb Code    14  cmsis_os.o(i.osDelay)
    osKernelStart                            0x080042d7   Thumb Code    10  cmsis_os.o(i.osKernelStart)
    osThreadCreate                           0x080042e1   Thumb Code    84  cmsis_os.o(i.osThreadCreate)
    pvPortMalloc                             0x080047b1   Thumb Code   216  heap_4.o(i.pvPortMalloc)
    pxPortInitialiseStack                    0x0800488d   Thumb Code    40  port.o(i.pxPortInitialiseStack)
    uxListRemove                             0x080048b9   Thumb Code    38  list.o(i.uxListRemove)
    vApplicationGetIdleTaskMemory            0x080048e1   Thumb Code    16  freertos.o(i.vApplicationGetIdleTaskMemory)
    vListInitialise                          0x080048f5   Thumb Code    22  list.o(i.vListInitialise)
    vListInitialiseItem                      0x0800490b   Thumb Code     6  list.o(i.vListInitialiseItem)
    vListInsert                              0x08004911   Thumb Code    48  list.o(i.vListInsert)
    vListInsertEnd                           0x08004941   Thumb Code    24  list.o(i.vListInsertEnd)
    vPortEnterCritical                       0x08004959   Thumb Code    54  port.o(i.vPortEnterCritical)
    vPortExitCritical                        0x08004999   Thumb Code    34  port.o(i.vPortExitCritical)
    vPortFree                                0x080049c1   Thumb Code    94  heap_4.o(i.vPortFree)
    vPortSetupTimerInterrupt                 0x08004a25   Thumb Code    32  port.o(i.vPortSetupTimerInterrupt)
    vPortValidateInterruptPriority           0x08004a49   Thumb Code    74  port.o(i.vPortValidateInterruptPriority)
    vTaskDelay                               0x08004a9d   Thumb Code    66  tasks.o(i.vTaskDelay)
    vTaskInternalSetTimeOutState             0x08004ae9   Thumb Code    12  tasks.o(i.vTaskInternalSetTimeOutState)
    vTaskMissedYield                         0x08004af9   Thumb Code     8  tasks.o(i.vTaskMissedYield)
    vTaskPlaceOnEventList                    0x08004b05   Thumb Code    44  tasks.o(i.vTaskPlaceOnEventList)
    vTaskStartScheduler                      0x08004b35   Thumb Code    90  tasks.o(i.vTaskStartScheduler)
    vTaskSuspendAll                          0x08004ba1   Thumb Code    10  tasks.o(i.vTaskSuspendAll)
    vTaskSwitchContext                       0x08004bb1   Thumb Code    82  tasks.o(i.vTaskSwitchContext)
    xPortStartScheduler                      0x08004c0d   Thumb Code   224  port.o(i.xPortStartScheduler)
    xQueueGenericCreate                      0x08004d01   Thumb Code    66  queue.o(i.xQueueGenericCreate)
    xQueueGenericReset                       0x08004d45   Thumb Code   132  queue.o(i.xQueueGenericReset)
    xQueueGenericSendFromISR                 0x08004dcd   Thumb Code   190  queue.o(i.xQueueGenericSendFromISR)
    xQueueReceive                            0x08004e8d   Thumb Code   308  queue.o(i.xQueueReceive)
    xTaskCheckForTimeOut                     0x08004fc5   Thumb Code   112  tasks.o(i.xTaskCheckForTimeOut)
    xTaskCreate                              0x08005039   Thumb Code    90  tasks.o(i.xTaskCreate)
    xTaskCreateStatic                        0x08005093   Thumb Code    90  tasks.o(i.xTaskCreateStatic)
    xTaskGetSchedulerState                   0x080050ed   Thumb Code    22  tasks.o(i.xTaskGetSchedulerState)
    xTaskIncrementTick                       0x08005109   Thumb Code   194  tasks.o(i.xTaskIncrementTick)
    xTaskPriorityDisinherit                  0x080051d5   Thumb Code   144  tasks.o(i.xTaskPriorityDisinherit)
    xTaskRemoveFromEventList                 0x0800526d   Thumb Code   108  tasks.o(i.xTaskRemoveFromEventList)
    xTaskResumeAll                           0x080052e1   Thumb Code   182  tasks.o(i.xTaskResumeAll)
    AHBPrescTable                            0x080053c0   Data          16  system_stm32f4xx.o(.constdata)
    APBPrescTable                            0x080053d0   Data           8  system_stm32f4xx.o(.constdata)
    Region$$Table$$Base                      0x080053e4   Number         0  anon$$obj.o(Region$$Table)
    Region$$Table$$Limit                     0x08005404   Number         0  anon$$obj.o(Region$$Table)
    defaultTaskHandle                        0x20000000   Data           4  main.o(.data)
    xAudioQueue                              0x20000004   Data           4  main.o(.data)
    FS_Desc                                  0x20000008   Data          28  usbd_desc.o(.data)
    USBD_LangIDDesc                          0x20000024   Data           4  usbd_desc.o(.data)
    USBD_FS_DeviceDesc                       0x20000028   Data          18  usbd_desc.o(.data)
    USBD_StringSerial                        0x2000003c   Data          26  usbd_desc.o(.data)
    USBD_AUDIO_fops_FS                       0x20000058   Data          28  usbd_audio_if.o(.data)
    uwTickFreq                               0x20000074   Data           1  stm32f4xx_hal.o(.data)
    uwTickPrio                               0x20000078   Data           4  stm32f4xx_hal.o(.data)
    uwTick                                   0x2000007c   Data           4  stm32f4xx_hal.o(.data)
    SystemCoreClock                          0x20000080   Data           4  system_stm32f4xx.o(.data)
    pxCurrentTCB                             0x20000084   Data           4  tasks.o(.data)
    USBD_AUDIO                               0x200000f0   Data          56  usbd_audio.o(.data)
    __stdout                                 0x200001a4   Data           4  stdout.o(.data)
    hi2s2                                    0x200001a8   Data          72  main.o(.bss)
    huart2                                   0x200001f0   Data          72  main.o(.bss)
    htim1                                    0x2000108c   Data          72  stm32f4xx_hal_timebase_tim.o(.bss)
    hUsbDeviceFS                             0x200010d4   Data         732  usb_device.o(.bss)
    USBD_StrDesc                             0x200013b0   Data         512  usbd_desc.o(.bss)
    hpcd_USB_OTG_FS                          0x20003184   Data        1252  usbd_conf.o(.bss)
    __initial_sp                             0x20012b58   Data           0  startup_stm32f411xe.o(STACK)



==============================================================================

Memory Map of the image

  Image Entry point : 0x08000199

  Load Region LR_IROM1 (Base: 0x08000000, Size: 0x000055ac, Max: 0x00080000, ABSOLUTE, COMPRESSED[0x000054dc])

    Execution Region ER_IROM1 (Exec base: 0x08000000, Load base: 0x08000000, Size: 0x00005404, Max: 0x00080000, ABSOLUTE)

    Exec Addr    Load Addr    Size         Type   Attr      Idx    E Section Name        Object

    0x08000000   0x08000000   0x00000198   Data   RO            3    RESET               startup_stm32f411xe.o
    0x08000198   0x08000198   0x00000000   Code   RO         6016  * .ARM.Collect$$$$00000000  mc_w.l(entry.o)
    0x08000198   0x08000198   0x00000004   Code   RO         6291    .ARM.Collect$$$$00000001  mc_w.l(entry2.o)
    0x0800019c   0x0800019c   0x00000004   Code   RO         6294    .ARM.Collect$$$$00000004  mc_w.l(entry5.o)
    0x080001a0   0x080001a0   0x00000000   Code   RO         6296    .ARM.Collect$$$$00000008  mc_w.l(entry7b.o)
    0x080001a0   0x080001a0   0x00000000   Code   RO         6298    .ARM.Collect$$$$0000000A  mc_w.l(entry8b.o)
    0x080001a0   0x080001a0   0x00000008   Code   RO         6299    .ARM.Collect$$$$0000000B  mc_w.l(entry9a.o)
    0x080001a8   0x080001a8   0x00000000   Code   RO         6301    .ARM.Collect$$$$0000000D  mc_w.l(entry10a.o)
    0x080001a8   0x080001a8   0x00000000   Code   RO         6303    .ARM.Collect$$$$0000000F  mc_w.l(entry11a.o)
    0x080001a8   0x080001a8   0x00000004   Code   RO         6292    .ARM.Collect$$$$00002712  mc_w.l(entry2.o)
    0x080001ac   0x080001ac   0x000000be   Code   RO         5544    .emb_text           port.o
    0x0800026a   0x0800026a   0x00000002   PAD
    0x0800026c   0x0800026c   0x00000024   Code   RO            4    .text               startup_stm32f411xe.o
    0x08000290   0x08000290   0x00000062   Code   RO         6019    .text               mc_w.l(uldiv.o)
    0x080002f2   0x080002f2   0x00000024   Code   RO         6021    .text               mc_w.l(memcpya.o)
    0x08000316   0x08000316   0x00000024   Code   RO         6025    .text               mc_w.l(memseta.o)
    0x0800033a   0x0800033a   0x0000000e   Code   RO         6027    .text               mc_w.l(strlen.o)
    0x08000348   0x08000348   0x0000001e   Code   RO         6310    .text               mc_w.l(llshl.o)
    0x08000366   0x08000366   0x00000020   Code   RO         6312    .text               mc_w.l(llushr.o)
    0x08000386   0x08000386   0x00000002   PAD
    0x08000388   0x08000388   0x00000024   Code   RO         6325    .text               mc_w.l(init.o)
    0x080003ac   0x080003ac   0x00000000   Code   RO         6327    .text               mc_w.l(semi.o)
    0x080003ac   0x080003ac   0x00000000   Code   RO         6330    .text               mc_w.l(iusesemip.o)
    0x080003ac   0x080003ac   0x00000056   Code   RO         6341    .text               mc_w.l(__dczerorl2.o)
    0x08000402   0x08000402   0x00000004   Code   RO          597    i.AUDIO_AudioCmd_FS  usbd_audio_if.o
    0x08000406   0x08000406   0x00000004   Code   RO          598    i.AUDIO_DeInit_FS   usbd_audio_if.o
    0x0800040a   0x0800040a   0x00000004   Code   RO          599    i.AUDIO_GetState_FS  usbd_audio_if.o
    0x0800040e   0x0800040e   0x00000004   Code   RO          600    i.AUDIO_Init_FS     usbd_audio_if.o
    0x08000412   0x08000412   0x00000004   Code   RO          601    i.AUDIO_MuteCtl_FS  usbd_audio_if.o
    0x08000416   0x08000416   0x00000004   Code   RO          602    i.AUDIO_PeriodicTC_FS  usbd_audio_if.o
    0x0800041a   0x0800041a   0x00000004   Code   RO          603    i.AUDIO_VolumeCtl_FS  usbd_audio_if.o
    0x0800041e   0x0800041e   0x00000002   PAD
    0x08000420   0x08000420   0x00000038   Code   RO          255    i.AudioTask         freertos.o
    0x08000458   0x08000458   0x0000005c   Code   RO           13    i.Audio_Init        main.o
    0x080004b4   0x080004b4   0x00000002   Code   RO          313    i.BusFault_Handler  stm32f4xx_it.o
    0x080004b6   0x080004b6   0x00000002   Code   RO          314    i.DebugMon_Handler  stm32f4xx_it.o
    0x080004b8   0x080004b8   0x00000004   Code   RO           14    i.Error_Handler     main.o
    0x080004bc   0x080004bc   0x00000024   Code   RO         3412    i.HAL_Delay         stm32f4xx_hal.o
    0x080004e0   0x080004e0   0x000001a4   Code   RO         2844    i.HAL_GPIO_Init     stm32f4xx_hal_gpio.o
    0x08000684   0x08000684   0x0000000c   Code   RO         3418    i.HAL_GetTick       stm32f4xx_hal.o
    0x08000690   0x08000690   0x000001f4   Code   RO         3842    i.HAL_I2SEx_FullDuplex_IRQHandler  stm32f4xx_hal_i2s_ex.o
    0x08000884   0x08000884   0x00000002   Code   RO         3846    i.HAL_I2SEx_TxRxCpltCallback  stm32f4xx_hal_i2s_ex.o
    0x08000886   0x08000886   0x00000002   Code   RO         3667    i.HAL_I2S_ErrorCallback  stm32f4xx_hal_i2s.o
    0x08000888   0x08000888   0x00000004   Code   RO         3670    i.HAL_I2S_IRQHandler  stm32f4xx_hal_i2s.o
    0x0800088c   0x0800088c   0x00000174   Code   RO         3671    i.HAL_I2S_Init      stm32f4xx_hal_i2s.o
    0x08000a00   0x08000a00   0x000000c4   Code   RO          390    i.HAL_I2S_MspInit   stm32f4xx_hal_msp.o
    0x08000ac4   0x08000ac4   0x00000070   Code   RO         3676    i.HAL_I2S_Receive_IT  stm32f4xx_hal_i2s.o
    0x08000b34   0x08000b34   0x00000060   Code   RO           15    i.HAL_I2S_RxCpltCallback  main.o
    0x08000b94   0x08000b94   0x00000002   Code   RO         3682    i.HAL_I2S_TxCpltCallback  stm32f4xx_hal_i2s.o
    0x08000b96   0x08000b96   0x00000002   PAD
    0x08000b98   0x08000b98   0x00000010   Code   RO         3424    i.HAL_IncTick       stm32f4xx_hal.o
    0x08000ba8   0x08000ba8   0x00000034   Code   RO         3425    i.HAL_Init          stm32f4xx_hal.o
    0x08000bdc   0x08000bdc   0x0000008c   Code   RO          437    i.HAL_InitTick      stm32f4xx_hal_timebase_tim.o
    0x08000c68   0x08000c68   0x00000038   Code   RO          391    i.HAL_MspInit       stm32f4xx_hal_msp.o
    0x08000ca0   0x08000ca0   0x0000001a   Code   RO         3260    i.HAL_NVIC_EnableIRQ  stm32f4xx_hal_cortex.o
    0x08000cba   0x08000cba   0x00000002   PAD
    0x08000cbc   0x08000cbc   0x00000040   Code   RO         3266    i.HAL_NVIC_SetPriority  stm32f4xx_hal_cortex.o
    0x08000cfc   0x08000cfc   0x00000024   Code   RO         3267    i.HAL_NVIC_SetPriorityGrouping  stm32f4xx_hal_cortex.o
    0x08000d20   0x08000d20   0x00000002   Code   RO         2088    i.HAL_PCDEx_LPM_Callback  stm32f4xx_hal_pcd_ex.o
    0x08000d22   0x08000d22   0x00000008   Code   RO         2089    i.HAL_PCDEx_SetRxFiFo  stm32f4xx_hal_pcd_ex.o
    0x08000d2a   0x08000d2a   0x00000044   Code   RO         2090    i.HAL_PCDEx_SetTxFiFo  stm32f4xx_hal_pcd_ex.o
    0x08000d6e   0x08000d6e   0x00000008   Code   RO          669    i.HAL_PCD_ConnectCallback  usbd_conf.o
    0x08000d76   0x08000d76   0x00000012   Code   RO          670    i.HAL_PCD_DataInStageCallback  usbd_conf.o
    0x08000d88   0x08000d88   0x00000014   Code   RO          671    i.HAL_PCD_DataOutStageCallback  usbd_conf.o
    0x08000d9c   0x08000d9c   0x00000008   Code   RO          672    i.HAL_PCD_DisconnectCallback  usbd_conf.o
    0x08000da4   0x08000da4   0x0000001e   Code   RO         1858    i.HAL_PCD_EP_Abort  stm32f4xx_hal_pcd.o
    0x08000dc2   0x08000dc2   0x0000004a   Code   RO         1859    i.HAL_PCD_EP_Close  stm32f4xx_hal_pcd.o
    0x08000e0c   0x08000e0c   0x0000005a   Code   RO         1860    i.HAL_PCD_EP_ClrStall  stm32f4xx_hal_pcd.o
    0x08000e66   0x08000e66   0x00000062   Code   RO         1863    i.HAL_PCD_EP_Open   stm32f4xx_hal_pcd.o
    0x08000ec8   0x08000ec8   0x00000038   Code   RO         1864    i.HAL_PCD_EP_Receive  stm32f4xx_hal_pcd.o
    0x08000f00   0x08000f00   0x00000072   Code   RO         1865    i.HAL_PCD_EP_SetStall  stm32f4xx_hal_pcd.o
    0x08000f72   0x08000f72   0x00000032   Code   RO         1866    i.HAL_PCD_EP_Transmit  stm32f4xx_hal_pcd.o
    0x08000fa4   0x08000fa4   0x0000054c   Code   RO         1868    i.HAL_PCD_IRQHandler  stm32f4xx_hal_pcd.o
    0x080014f0   0x080014f0   0x00000008   Code   RO          673    i.HAL_PCD_ISOINIncompleteCallback  usbd_conf.o
    0x080014f8   0x080014f8   0x00000008   Code   RO          674    i.HAL_PCD_ISOOUTIncompleteCallback  usbd_conf.o
    0x08001500   0x08001500   0x000000ca   Code   RO         1871    i.HAL_PCD_Init      stm32f4xx_hal_pcd.o
    0x080015ca   0x080015ca   0x00000002   PAD
    0x080015cc   0x080015cc   0x00000084   Code   RO          676    i.HAL_PCD_MspInit   usbd_conf.o
    0x08001650   0x08001650   0x00000026   Code   RO          677    i.HAL_PCD_ResetCallback  usbd_conf.o
    0x08001676   0x08001676   0x00000008   Code   RO          678    i.HAL_PCD_ResumeCallback  usbd_conf.o
    0x0800167e   0x0800167e   0x00000008   Code   RO          679    i.HAL_PCD_SOFCallback  usbd_conf.o
    0x08001686   0x08001686   0x00000026   Code   RO         1877    i.HAL_PCD_SetAddress  stm32f4xx_hal_pcd.o
    0x080016ac   0x080016ac   0x0000000e   Code   RO          680    i.HAL_PCD_SetupStageCallback  usbd_conf.o
    0x080016ba   0x080016ba   0x00000042   Code   RO         1880    i.HAL_PCD_Start     stm32f4xx_hal_pcd.o
    0x080016fc   0x080016fc   0x00000030   Code   RO          681    i.HAL_PCD_SuspendCallback  usbd_conf.o
    0x0800172c   0x0800172c   0x00000060   Code   RO         2540    i.HAL_RCCEx_GetPeriphCLKFreq  stm32f4xx_hal_rcc_ex.o
    0x0800178c   0x0800178c   0x00000150   Code   RO         2541    i.HAL_RCCEx_PeriphCLKConfig  stm32f4xx_hal_rcc_ex.o
    0x080018dc   0x080018dc   0x00000134   Code   RO         2436    i.HAL_RCC_ClockConfig  stm32f4xx_hal_rcc.o
    0x08001a10   0x08001a10   0x00000040   Code   RO         2440    i.HAL_RCC_GetClockConfig  stm32f4xx_hal_rcc.o
    0x08001a50   0x08001a50   0x0000000c   Code   RO         2441    i.HAL_RCC_GetHCLKFreq  stm32f4xx_hal_rcc.o
    0x08001a5c   0x08001a5c   0x00000020   Code   RO         2443    i.HAL_RCC_GetPCLK1Freq  stm32f4xx_hal_rcc.o
    0x08001a7c   0x08001a7c   0x00000020   Code   RO         2444    i.HAL_RCC_GetPCLK2Freq  stm32f4xx_hal_rcc.o
    0x08001a9c   0x08001a9c   0x00000064   Code   RO         2445    i.HAL_RCC_GetSysClockFreq  stm32f4xx_hal_rcc.o
    0x08001b00   0x08001b00   0x00000358   Code   RO         2448    i.HAL_RCC_OscConfig  stm32f4xx_hal_rcc.o
    0x08001e58   0x08001e58   0x00000002   Code   RO         1582    i.HAL_TIMEx_BreakCallback  stm32f4xx_hal_tim_ex.o
    0x08001e5a   0x08001e5a   0x00000002   Code   RO         1583    i.HAL_TIMEx_CommutCallback  stm32f4xx_hal_tim_ex.o
    0x08001e5c   0x08001e5c   0x0000005a   Code   RO          878    i.HAL_TIM_Base_Init  stm32f4xx_hal_tim.o
    0x08001eb6   0x08001eb6   0x00000002   Code   RO          880    i.HAL_TIM_Base_MspInit  stm32f4xx_hal_tim.o
    0x08001eb8   0x08001eb8   0x0000006c   Code   RO          883    i.HAL_TIM_Base_Start_IT  stm32f4xx_hal_tim.o
    0x08001f24   0x08001f24   0x00000002   Code   RO          912    i.HAL_TIM_IC_CaptureCallback  stm32f4xx_hal_tim.o
    0x08001f26   0x08001f26   0x00000130   Code   RO          926    i.HAL_TIM_IRQHandler  stm32f4xx_hal_tim.o
    0x08002056   0x08002056   0x00000002   Code   RO          929    i.HAL_TIM_OC_DelayElapsedCallback  stm32f4xx_hal_tim.o
    0x08002058   0x08002058   0x00000002   Code   RO          956    i.HAL_TIM_PWM_PulseFinishedCallback  stm32f4xx_hal_tim.o
    0x0800205a   0x0800205a   0x00000002   PAD
    0x0800205c   0x0800205c   0x00000014   Code   RO           16    i.HAL_TIM_PeriodElapsedCallback  main.o
    0x08002070   0x08002070   0x00000002   Code   RO          969    i.HAL_TIM_TriggerCallback  stm32f4xx_hal_tim.o
    0x08002072   0x08002072   0x00000064   Code   RO         3956    i.HAL_UART_Init     stm32f4xx_hal_uart.o
    0x080020d6   0x080020d6   0x00000002   PAD
    0x080020d8   0x080020d8   0x00000068   Code   RO          393    i.HAL_UART_MspInit  stm32f4xx_hal_msp.o
    0x08002140   0x08002140   0x000000a0   Code   RO         3964    i.HAL_UART_Transmit  stm32f4xx_hal_uart.o
    0x080021e0   0x080021e0   0x00000002   Code   RO          315    i.HardFault_Handler  stm32f4xx_it.o
    0x080021e2   0x080021e2   0x00000002   PAD
    0x080021e4   0x080021e4   0x00000060   Code   RO         3849    i.I2SEx_RxISR_I2SExt  stm32f4xx_hal_i2s_ex.o
    0x08002244   0x08002244   0x00000060   Code   RO         3850    i.I2SEx_TxISR_I2SExt  stm32f4xx_hal_i2s_ex.o
    0x080022a4   0x080022a4   0x000000f2   Code   RO         3689    i.I2S_IRQHandler    stm32f4xx_hal_i2s.o
    0x08002396   0x08002396   0x00000036   Code   RO          511    i.IntToUnicode      usbd_desc.o
    0x080023cc   0x080023cc   0x00000054   Code   RO          476    i.MX_USB_DEVICE_Init  usb_device.o
    0x08002420   0x08002420   0x00000002   Code   RO          316    i.MemManage_Handler  stm32f4xx_it.o
    0x08002422   0x08002422   0x00000002   Code   RO          317    i.NMI_Handler       stm32f4xx_it.o
    0x08002424   0x08002424   0x0000000c   Code   RO          318    i.OTG_FS_IRQHandler  stm32f4xx_it.o
    0x08002430   0x08002430   0x000000cc   Code   RO         1884    i.PCD_EP_OutXfrComplete_int  stm32f4xx_hal_pcd.o
    0x080024fc   0x080024fc   0x00000098   Code   RO         1885    i.PCD_WriteEmptyTxFifo  stm32f4xx_hal_pcd.o
    0x08002594   0x08002594   0x0000000c   Code   RO          319    i.SPI2_IRQHandler   stm32f4xx_it.o
    0x080025a0   0x080025a0   0x0000000a   Code   RO         5783    i.SWAPBYTE          usbd_ctlreq.o
    0x080025aa   0x080025aa   0x0000000c   Code   RO           17    i.StartDefaultTask  main.o
    0x080025b6   0x080025b6   0x00000002   PAD
    0x080025b8   0x080025b8   0x0000002c   Code   RO         5545    i.SysTick_Handler   port.o
    0x080025e4   0x080025e4   0x00000090   Code   RO           18    i.SystemClock_Config  main.o
    0x08002674   0x08002674   0x00000010   Code   RO         4290    i.SystemInit        system_stm32f4xx.o
    0x08002684   0x08002684   0x0000000c   Code   RO          320    i.TIM1_UP_TIM10_IRQHandler  stm32f4xx_it.o
    0x08002690   0x08002690   0x000000a0   Code   RO          971    i.TIM_Base_SetConfig  stm32f4xx_hal_tim.o
    0x08002730   0x08002730   0x0000004e   Code   RO         3979    i.UART_EndRxTransfer  stm32f4xx_hal_uart.o
    0x0800277e   0x0800277e   0x00000002   PAD
    0x08002780   0x08002780   0x0000010c   Code   RO         3982    i.UART_SetConfig    stm32f4xx_hal_uart.o
    0x0800288c   0x0800288c   0x00000070   Code   RO         3985    i.UART_WaitOnFlagUntilTimeout  stm32f4xx_hal_uart.o
    0x080028fc   0x080028fc   0x0000001e   Code   RO         5921    i.USBD_AUDIO_DataIn  usbd_audio.o
    0x0800291a   0x0800291a   0x00000004   Code   RO         5922    i.USBD_AUDIO_DataOut  usbd_audio.o
    0x0800291e   0x0800291e   0x00000030   Code   RO         5923    i.USBD_AUDIO_DeInit  usbd_audio.o
    0x0800294e   0x0800294e   0x00000036   Code   RO         5924    i.USBD_AUDIO_EP0_RxReady  usbd_audio.o
    0x08002984   0x08002984   0x00000004   Code   RO         5925    i.USBD_AUDIO_EP0_TxReady  usbd_audio.o
    0x08002988   0x08002988   0x0000000c   Code   RO         5926    i.USBD_AUDIO_GetCfgDesc  usbd_audio.o
    0x08002994   0x08002994   0x0000000c   Code   RO         5927    i.USBD_AUDIO_GetDeviceQualifierDesc  usbd_audio.o
    0x080029a0   0x080029a0   0x00000064   Code   RO         5928    i.USBD_AUDIO_Init   usbd_audio.o
    0x08002a04   0x08002a04   0x00000004   Code   RO         5929    i.USBD_AUDIO_IsoINIncomplete  usbd_audio.o
    0x08002a08   0x08002a08   0x00000004   Code   RO         5930    i.USBD_AUDIO_IsoOutIncomplete  usbd_audio.o
    0x08002a0c   0x08002a0c   0x0000000a   Code   RO         5931    i.USBD_AUDIO_RegisterInterface  usbd_audio.o
    0x08002a16   0x08002a16   0x00000004   Code   RO         5932    i.USBD_AUDIO_SOF    usbd_audio.o
    0x08002a1a   0x08002a1a   0x00000002   PAD
    0x08002a1c   0x08002a1c   0x00000150   Code   RO         5933    i.USBD_AUDIO_Setup  usbd_audio.o
    0x08002b6c   0x08002b6c   0x00000014   Code   RO         5624    i.USBD_ClrClassConfig  usbd_core.o
    0x08002b80   0x08002b80   0x00000004   Code   RO         5625    i.USBD_CoreFindEP   usbd_core.o
    0x08002b84   0x08002b84   0x00000004   Code   RO         5626    i.USBD_CoreFindIF   usbd_core.o
    0x08002b88   0x08002b88   0x00000010   Code   RO         5861    i.USBD_CtlContinueRx  usbd_ioreq.o
    0x08002b98   0x08002b98   0x00000010   Code   RO         5862    i.USBD_CtlContinueSendData  usbd_ioreq.o
    0x08002ba8   0x08002ba8   0x00000016   Code   RO         5784    i.USBD_CtlError     usbd_ctlreq.o
    0x08002bbe   0x08002bbe   0x00000022   Code   RO         5863    i.USBD_CtlPrepareRx  usbd_ioreq.o
    0x08002be0   0x08002be0   0x00000016   Code   RO         5864    i.USBD_CtlReceiveStatus  usbd_ioreq.o
    0x08002bf6   0x08002bf6   0x0000001c   Code   RO         5865    i.USBD_CtlSendData  usbd_ioreq.o
    0x08002c12   0x08002c12   0x00000016   Code   RO         5866    i.USBD_CtlSendStatus  usbd_ioreq.o
    0x08002c28   0x08002c28   0x00000024   Code   RO          512    i.USBD_FS_ConfigStrDescriptor  usbd_desc.o
    0x08002c4c   0x08002c4c   0x0000000c   Code   RO          513    i.USBD_FS_DeviceDescriptor  usbd_desc.o
    0x08002c58   0x08002c58   0x00000024   Code   RO          514    i.USBD_FS_InterfaceStrDescriptor  usbd_desc.o
    0x08002c7c   0x08002c7c   0x0000000c   Code   RO          515    i.USBD_FS_LangIDStrDescriptor  usbd_desc.o
    0x08002c88   0x08002c88   0x00000028   Code   RO          516    i.USBD_FS_ManufacturerStrDescriptor  usbd_desc.o
    0x08002cb0   0x08002cb0   0x00000028   Code   RO          517    i.USBD_FS_ProductStrDescriptor  usbd_desc.o
    0x08002cd8   0x08002cd8   0x00000038   Code   RO          518    i.USBD_FS_SerialStrDescriptor  usbd_desc.o
    0x08002d10   0x08002d10   0x000000e6   Code   RO         5785    i.USBD_GetDescriptor  usbd_ctlreq.o
    0x08002df6   0x08002df6   0x00000014   Code   RO         5786    i.USBD_GetLen       usbd_ctlreq.o
    0x08002e0a   0x08002e0a   0x0000004e   Code   RO         5787    i.USBD_GetString    usbd_ctlreq.o
    0x08002e58   0x08002e58   0x00000018   Code   RO          682    i.USBD_Get_USB_Status  usbd_conf.o
    0x08002e70   0x08002e70   0x00000026   Code   RO         5630    i.USBD_Init         usbd_core.o
    0x08002e96   0x08002e96   0x00000012   Code   RO          683    i.USBD_LL_ClearStallEP  usbd_conf.o
    0x08002ea8   0x08002ea8   0x00000012   Code   RO          684    i.USBD_LL_CloseEP   usbd_conf.o
    0x08002eba   0x08002eba   0x000000b8   Code   RO         5631    i.USBD_LL_DataInStage  usbd_core.o
    0x08002f72   0x08002f72   0x00000094   Code   RO         5632    i.USBD_LL_DataOutStage  usbd_core.o
    0x08003006   0x08003006   0x00000004   Code   RO         5633    i.USBD_LL_DevConnected  usbd_core.o
    0x0800300a   0x0800300a   0x0000001e   Code   RO         5634    i.USBD_LL_DevDisconnected  usbd_core.o
    0x08003028   0x08003028   0x00000060   Code   RO          689    i.USBD_LL_Init      usbd_conf.o
    0x08003088   0x08003088   0x0000001e   Code   RO          690    i.USBD_LL_IsStallEP  usbd_conf.o
    0x080030a6   0x080030a6   0x00000028   Code   RO         5635    i.USBD_LL_IsoINIncomplete  usbd_core.o
    0x080030ce   0x080030ce   0x00000028   Code   RO         5636    i.USBD_LL_IsoOUTIncomplete  usbd_core.o
    0x080030f6   0x080030f6   0x00000018   Code   RO          691    i.USBD_LL_OpenEP    usbd_conf.o
    0x0800310e   0x0800310e   0x00000012   Code   RO          692    i.USBD_LL_PrepareReceive  usbd_conf.o
    0x08003120   0x08003120   0x0000005e   Code   RO         5637    i.USBD_LL_Reset     usbd_core.o
    0x0800317e   0x0800317e   0x00000014   Code   RO         5638    i.USBD_LL_Resume    usbd_core.o
    0x08003192   0x08003192   0x0000001a   Code   RO         5639    i.USBD_LL_SOF       usbd_core.o
    0x080031ac   0x080031ac   0x00000006   Code   RO         5640    i.USBD_LL_SetSpeed  usbd_core.o
    0x080031b2   0x080031b2   0x00000012   Code   RO          693    i.USBD_LL_SetUSBAddress  usbd_conf.o
    0x080031c4   0x080031c4   0x00000060   Code   RO         5641    i.USBD_LL_SetupStage  usbd_core.o
    0x08003224   0x08003224   0x00000012   Code   RO          694    i.USBD_LL_StallEP   usbd_conf.o
    0x08003236   0x08003236   0x00000012   Code   RO          695    i.USBD_LL_Start     usbd_conf.o
    0x08003248   0x08003248   0x0000001a   Code   RO         5642    i.USBD_LL_Suspend   usbd_core.o
    0x08003262   0x08003262   0x00000012   Code   RO          697    i.USBD_LL_Transmit  usbd_conf.o
    0x08003274   0x08003274   0x00000030   Code   RO         5788    i.USBD_ParseSetupRequest  usbd_ctlreq.o
    0x080032a4   0x080032a4   0x0000003a   Code   RO         5643    i.USBD_RegisterClass  usbd_core.o
    0x080032de   0x080032de   0x00000014   Code   RO         5645    i.USBD_SetClassConfig  usbd_core.o
    0x080032f2   0x080032f2   0x00000002   PAD
    0x080032f4   0x080032f4   0x000000b8   Code   RO         5789    i.USBD_SetConfig    usbd_ctlreq.o
    0x080033ac   0x080033ac   0x00000004   Code   RO         5646    i.USBD_Start        usbd_core.o
    0x080033b0   0x080033b0   0x0000012c   Code   RO         5790    i.USBD_StdDevReq    usbd_ctlreq.o
    0x080034dc   0x080034dc   0x00000166   Code   RO         5791    i.USBD_StdEPReq     usbd_ctlreq.o
    0x08003642   0x08003642   0x00000072   Code   RO         5792    i.USBD_StdItfReq    usbd_ctlreq.o
    0x080036b4   0x080036b4   0x00000002   Code   RO          698    i.USBD_static_free  usbd_conf.o
    0x080036b6   0x080036b6   0x00000002   PAD
    0x080036b8   0x080036b8   0x00000008   Code   RO          699    i.USBD_static_malloc  usbd_conf.o
    0x080036c0   0x080036c0   0x00000080   Code   RO         2130    i.USB_ActivateEndpoint  stm32f4xx_ll_usb.o
    0x08003740   0x08003740   0x0000001c   Code   RO         2132    i.USB_ActivateSetup  stm32f4xx_ll_usb.o
    0x0800375c   0x0800375c   0x00000084   Code   RO         2134    i.USB_CoreInit      stm32f4xx_ll_usb.o
    0x080037e0   0x080037e0   0x00000044   Code   RO         2135    i.USB_CoreReset     stm32f4xx_ll_usb.o
    0x08003824   0x08003824   0x000000d0   Code   RO         2138    i.USB_DeactivateEndpoint  stm32f4xx_ll_usb.o
    0x080038f4   0x080038f4   0x0000001c   Code   RO         2139    i.USB_DevConnect    stm32f4xx_ll_usb.o
    0x08003910   0x08003910   0x0000001c   Code   RO         2140    i.USB_DevDisconnect  stm32f4xx_ll_usb.o
    0x0800392c   0x0800392c   0x00000170   Code   RO         2141    i.USB_DevInit       stm32f4xx_ll_usb.o
    0x08003a9c   0x08003a9c   0x0000000c   Code   RO         2142    i.USB_DisableGlobalInt  stm32f4xx_ll_usb.o
    0x08003aa8   0x08003aa8   0x00000058   Code   RO         2145    i.USB_EP0_OutStart  stm32f4xx_ll_usb.o
    0x08003b00   0x08003b00   0x00000058   Code   RO         2146    i.USB_EPClearStall  stm32f4xx_ll_usb.o
    0x08003b58   0x08003b58   0x00000058   Code   RO         2147    i.USB_EPSetStall    stm32f4xx_ll_usb.o
    0x08003bb0   0x08003bb0   0x00000238   Code   RO         2148    i.USB_EPStartXfer   stm32f4xx_ll_usb.o
    0x08003de8   0x08003de8   0x0000009c   Code   RO         2149    i.USB_EPStopXfer    stm32f4xx_ll_usb.o
    0x08003e84   0x08003e84   0x0000000c   Code   RO         2150    i.USB_EnableGlobalInt  stm32f4xx_ll_usb.o
    0x08003e90   0x08003e90   0x00000038   Code   RO         2151    i.USB_FlushRxFifo   stm32f4xx_ll_usb.o
    0x08003ec8   0x08003ec8   0x0000003c   Code   RO         2152    i.USB_FlushTxFifo   stm32f4xx_ll_usb.o
    0x08003f04   0x08003f04   0x0000001a   Code   RO         2154    i.USB_GetDevSpeed   stm32f4xx_ll_usb.o
    0x08003f1e   0x08003f1e   0x00000008   Code   RO         2156    i.USB_GetMode       stm32f4xx_ll_usb.o
    0x08003f26   0x08003f26   0x0000000e   Code   RO         2164    i.USB_ReadDevAllInEpInterrupt  stm32f4xx_ll_usb.o
    0x08003f34   0x08003f34   0x0000000e   Code   RO         2165    i.USB_ReadDevAllOutEpInterrupt  stm32f4xx_ll_usb.o
    0x08003f42   0x08003f42   0x00000024   Code   RO         2166    i.USB_ReadDevInEPInterrupt  stm32f4xx_ll_usb.o
    0x08003f66   0x08003f66   0x00000010   Code   RO         2167    i.USB_ReadDevOutEPInterrupt  stm32f4xx_ll_usb.o
    0x08003f76   0x08003f76   0x00000008   Code   RO         2168    i.USB_ReadInterrupts  stm32f4xx_ll_usb.o
    0x08003f7e   0x08003f7e   0x0000003e   Code   RO         2169    i.USB_ReadPacket    stm32f4xx_ll_usb.o
    0x08003fbc   0x08003fbc   0x0000005c   Code   RO         2171    i.USB_SetCurrentMode  stm32f4xx_ll_usb.o
    0x08004018   0x08004018   0x00000022   Code   RO         2172    i.USB_SetDevAddress  stm32f4xx_ll_usb.o
    0x0800403a   0x0800403a   0x00000002   PAD
    0x0800403c   0x0800403c   0x000000e8   Code   RO         2174    i.USB_SetTurnaroundTime  stm32f4xx_ll_usb.o
    0x08004124   0x08004124   0x00000026   Code   RO         2177    i.USB_WritePacket   stm32f4xx_ll_usb.o
    0x0800414a   0x0800414a   0x00000002   Code   RO          321    i.UsageFault_Handler  stm32f4xx_it.o
    0x0800414c   0x0800414c   0x00000010   Code   RO         6032    i.__0printf$bare    mc_w.l(printfb.o)
    0x0800415c   0x0800415c   0x00000020   Code   RO         3273    i.__NVIC_SetPriority  stm32f4xx_hal_cortex.o
    0x0800417c   0x0800417c   0x0000000e   Code   RO         6335    i.__scatterload_copy  mc_w.l(handlers.o)
    0x0800418a   0x0800418a   0x00000002   Code   RO         6336    i.__scatterload_null  mc_w.l(handlers.o)
    0x0800418c   0x0800418c   0x0000000e   Code   RO         6337    i.__scatterload_zeroinit  mc_w.l(handlers.o)
    0x0800419a   0x0800419a   0x00000022   Code   RO         6039    i._printf_core      mc_w.l(printfb.o)
    0x080041bc   0x080041bc   0x00000012   Code   RO         6305    i.fputc             mc_w.l(fputc.o)
    0x080041ce   0x080041ce   0x00000002   PAD
    0x080041d0   0x080041d0   0x000000ec   Code   RO           19    i.main              main.o
    0x080042bc   0x080042bc   0x0000000c   Code   RO         5110    i.makeFreeRtosPriority  cmsis_os.o
    0x080042c8   0x080042c8   0x0000000e   Code   RO         5112    i.osDelay           cmsis_os.o
    0x080042d6   0x080042d6   0x0000000a   Code   RO         5115    i.osKernelStart     cmsis_os.o
    0x080042e0   0x080042e0   0x00000054   Code   RO         5149    i.osThreadCreate    cmsis_os.o
    0x08004334   0x08004334   0x00000070   Code   RO         4792    i.prvAddCurrentTaskToDelayedList  tasks.o
    0x080043a4   0x080043a4   0x000000d0   Code   RO         4793    i.prvAddNewTaskToReadyList  tasks.o
    0x08004474   0x08004474   0x00000026   Code   RO         4468    i.prvCopyDataFromQueue  queue.o
    0x0800449a   0x0800449a   0x0000006c   Code   RO         4469    i.prvCopyDataToQueue  queue.o
    0x08004506   0x08004506   0x00000034   Code   RO         4794    i.prvDeleteTCB      tasks.o
    0x0800453a   0x0800453a   0x00000002   PAD
    0x0800453c   0x0800453c   0x0000004c   Code   RO         5477    i.prvHeapInit       heap_4.o
    0x08004588   0x08004588   0x0000005c   Code   RO         4795    i.prvIdleTask       tasks.o
    0x080045e4   0x080045e4   0x00000016   Code   RO         4471    i.prvInitialiseNewQueue  queue.o
    0x080045fa   0x080045fa   0x00000098   Code   RO         4796    i.prvInitialiseNewTask  tasks.o
    0x08004692   0x08004692   0x00000002   PAD
    0x08004694   0x08004694   0x0000004c   Code   RO         5478    i.prvInsertBlockIntoFreeList  heap_4.o
    0x080046e0   0x080046e0   0x0000001a   Code   RO         4472    i.prvIsQueueEmpty   queue.o
    0x080046fa   0x080046fa   0x00000002   PAD
    0x080046fc   0x080046fc   0x00000020   Code   RO         4797    i.prvResetNextTaskUnblockTime  tasks.o
    0x0800471c   0x0800471c   0x00000028   Code   RO         5546    i.prvTaskExitError  port.o
    0x08004744   0x08004744   0x0000006a   Code   RO         4473    i.prvUnlockQueue    queue.o
    0x080047ae   0x080047ae   0x00000002   PAD
    0x080047b0   0x080047b0   0x000000dc   Code   RO         5479    i.pvPortMalloc      heap_4.o
    0x0800488c   0x0800488c   0x0000002c   Code   RO         5547    i.pxPortInitialiseStack  port.o
    0x080048b8   0x080048b8   0x00000026   Code   RO         4428    i.uxListRemove      list.o
    0x080048de   0x080048de   0x00000002   PAD
    0x080048e0   0x080048e0   0x00000014   Code   RO          256    i.vApplicationGetIdleTaskMemory  freertos.o
    0x080048f4   0x080048f4   0x00000016   Code   RO         4429    i.vListInitialise   list.o
    0x0800490a   0x0800490a   0x00000006   Code   RO         4430    i.vListInitialiseItem  list.o
    0x08004910   0x08004910   0x00000030   Code   RO         4431    i.vListInsert       list.o
    0x08004940   0x08004940   0x00000018   Code   RO         4432    i.vListInsertEnd    list.o
    0x08004958   0x08004958   0x00000040   Code   RO         5549    i.vPortEnterCritical  port.o
    0x08004998   0x08004998   0x00000028   Code   RO         5550    i.vPortExitCritical  port.o
    0x080049c0   0x080049c0   0x00000064   Code   RO         5480    i.vPortFree         heap_4.o
    0x08004a24   0x08004a24   0x00000024   Code   RO         5551    i.vPortSetupTimerInterrupt  port.o
    0x08004a48   0x08004a48   0x00000054   Code   RO         5552    i.vPortValidateInterruptPriority  port.o
    0x08004a9c   0x08004a9c   0x0000004c   Code   RO         4806    i.vTaskDelay        tasks.o
    0x08004ae8   0x08004ae8   0x00000010   Code   RO         4809    i.vTaskInternalSetTimeOutState  tasks.o
    0x08004af8   0x08004af8   0x0000000c   Code   RO         4810    i.vTaskMissedYield  tasks.o
    0x08004b04   0x08004b04   0x00000030   Code   RO         4812    i.vTaskPlaceOnEventList  tasks.o
    0x08004b34   0x08004b34   0x0000006c   Code   RO         4819    i.vTaskStartScheduler  tasks.o
    0x08004ba0   0x08004ba0   0x00000010   Code   RO         4821    i.vTaskSuspendAll   tasks.o
    0x08004bb0   0x08004bb0   0x0000005c   Code   RO         4822    i.vTaskSwitchContext  tasks.o
    0x08004c0c   0x08004c0c   0x000000f4   Code   RO         5553    i.xPortStartScheduler  port.o
    0x08004d00   0x08004d00   0x00000042   Code   RO         4482    i.xQueueGenericCreate  queue.o
    0x08004d42   0x08004d42   0x00000002   PAD
    0x08004d44   0x08004d44   0x00000088   Code   RO         4484    i.xQueueGenericReset  queue.o
    0x08004dcc   0x08004dcc   0x000000be   Code   RO         4486    i.xQueueGenericSendFromISR  queue.o
    0x08004e8a   0x08004e8a   0x00000002   PAD
    0x08004e8c   0x08004e8c   0x00000138   Code   RO         4492    i.xQueueReceive     queue.o
    0x08004fc4   0x08004fc4   0x00000074   Code   RO         4824    i.xTaskCheckForTimeOut  tasks.o
    0x08005038   0x08005038   0x0000005a   Code   RO         4825    i.xTaskCreate       tasks.o
    0x08005092   0x08005092   0x0000005a   Code   RO         4826    i.xTaskCreateStatic  tasks.o
    0x080050ec   0x080050ec   0x0000001c   Code   RO         4830    i.xTaskGetSchedulerState  tasks.o
    0x08005108   0x08005108   0x000000cc   Code   RO         4833    i.xTaskIncrementTick  tasks.o
    0x080051d4   0x080051d4   0x00000098   Code   RO         4836    i.xTaskPriorityDisinherit  tasks.o
    0x0800526c   0x0800526c   0x00000074   Code   RO         4838    i.xTaskRemoveFromEventList  tasks.o
    0x080052e0   0x080052e0   0x000000c4   Code   RO         4839    i.xTaskResumeAll    tasks.o
    0x080053a4   0x080053a4   0x0000001c   Data   RO           21    .constdata          main.o
    0x080053c0   0x080053c0   0x00000010   Data   RO         4291    .constdata          system_stm32f4xx.o
    0x080053d0   0x080053d0   0x00000008   Data   RO         4292    .constdata          system_stm32f4xx.o
    0x080053d8   0x080053d8   0x0000000c   Data   RO           22    .conststring        main.o
    0x080053e4   0x080053e4   0x00000020   Data   RO         6333    Region$$Table       anon$$obj.o


    Execution Region RW_IRAM1 (Exec base: 0x20000000, Load base: 0x08005404, Size: 0x00012b58, Max: 0x00020000, ABSOLUTE, COMPRESSED[0x000000d8])

    Exec Addr    Load Addr    Size         Type   Attr      Idx    E Section Name        Object

    0x20000000   COMPRESSED   0x00000008   Data   RW           23    .data               main.o
    0x20000008   COMPRESSED   0x0000001c   Data   RW          520    .data               usbd_desc.o
    0x20000024   COMPRESSED   0x00000032   Data   RW          521    .data               usbd_desc.o
    0x20000056   COMPRESSED   0x00000002   PAD
    0x20000058   COMPRESSED   0x0000001c   Data   RW          606    .data               usbd_audio_if.o
    0x20000074   COMPRESSED   0x0000000c   Data   RW         3432    .data               stm32f4xx_hal.o
    0x20000080   COMPRESSED   0x00000004   Data   RW         4293    .data               system_stm32f4xx.o
    0x20000084   COMPRESSED   0x0000003c   Data   RW         4842    .data               tasks.o
    0x200000c0   COMPRESSED   0x00000020   Data   RW         5486    .data               heap_4.o
    0x200000e0   COMPRESSED   0x0000000c   Data   RW         5554    .data               port.o
    0x200000ec   COMPRESSED   0x00000001   Data   RW         5793    .data               usbd_ctlreq.o
    0x200000ed   COMPRESSED   0x00000003   PAD
    0x200000f0   COMPRESSED   0x00000038   Data   RW         5935    .data               usbd_audio.o
    0x20000128   COMPRESSED   0x0000007a   Data   RW         5936    .data               usbd_audio.o
    0x200001a2   COMPRESSED   0x00000002   PAD
    0x200001a4   COMPRESSED   0x00000004   Data   RW         6307    .data               mc_w.l(stdout.o)
    0x200001a8        -       0x00000c90   Zero   RW           20    .bss                main.o
    0x20000e38        -       0x00000254   Zero   RW          257    .bss                freertos.o
    0x2000108c        -       0x00000048   Zero   RW          440    .bss                stm32f4xx_hal_timebase_tim.o
    0x200010d4        -       0x000002dc   Zero   RW          477    .bss                usb_device.o
    0x200013b0        -       0x00000200   Zero   RW          519    .bss                usbd_desc.o
    0x200015b0        -       0x000020b8   Zero   RW          700    .bss                usbd_conf.o
    0x20003668        -       0x000000f0   Zero   RW         4841    .bss                tasks.o
    0x20003758        -       0x0000f000   Zero   RW         5485    .bss                heap_4.o
    0x20012758        -       0x00000400   Zero   RW            1    STACK               startup_stm32f411xe.o


==============================================================================

Image component sizes


      Code (inc. data)   RO Data    RW Data    ZI Data      Debug   Object Name

       120          0          0          0          0      23233   cmsis_os.o
         0          0          0          0          0      19948   event_groups.o
        76         14          0          0        596       5238   freertos.o
       472         24          0         32      61440       7455   heap_4.o
       138          0          0          0          0       3510   list.o
       604        104         40          8       3216     477586   main.o
       786         80          0         12          0      11773   port.o
      1004          8          0          0          0      13618   queue.o
        36          8        408          0       1024        828   startup_stm32f411xe.o
       116         18          0         12          0       8534   stm32f4xx_hal.o
       158         14          0          0          0      32962   stm32f4xx_hal_cortex.o
       420         32          0          0          0       1600   stm32f4xx_hal_gpio.o
       734         16          0          0          0       5210   stm32f4xx_hal_i2s.o
       694         24          0          0          0       3731   stm32f4xx_hal_i2s_ex.o
       356         32          0          0          0       2407   stm32f4xx_hal_msp.o
      2530         16          0          0          0      13168   stm32f4xx_hal_pcd.o
        78          0          0          0          0       2469   stm32f4xx_hal_pcd_ex.o
      1404         92          0          0          0       6493   stm32f4xx_hal_rcc.o
       432         44          0          0          0       2325   stm32f4xx_hal_rcc_ex.o
       672         50          0          0          0       7596   stm32f4xx_hal_tim.o
         4          0          0          0          0       1665   stm32f4xx_hal_tim_ex.o
       140         22          0          0         72       1407   stm32f4xx_hal_timebase_tim.o
       718         10          0          0          0       4788   stm32f4xx_hal_uart.o
        48         18          0          0          0       4146   stm32f4xx_it.o
      2696        116          0          0          0      23097   stm32f4xx_ll_usb.o
         0          0          0          0          0        392   stream_buffer.o
        16          4         24          4          0       1111   system_stm32f4xx.o
      2008        148          0         60        240      25018   tasks.o
        84         18          0          0        732        796   usb_device.o
       622         32          0        178          0      12741   usbd_audio.o
        28          0          0         28          0       4188   usbd_audio_if.o
       628         24          0          0       8376      16076   usbd_conf.o
       862          0          0          0          0      14046   usbd_core.o
      1364         28          0          1          0      15444   usbd_ctlreq.o
       286        104          0         78        512       6241   usbd_desc.o
       138          0          0          0          0       4488   usbd_ioreq.o

    ----------------------------------------------------------------------
     20514       1100        504        420      76208     785328   Object Totals
         0          0         32          0          0          0   (incl. Generated)
        42          0          0          7          0          0   (incl. Padding)

    ----------------------------------------------------------------------

      Code (inc. data)   RO Data    RW Data    ZI Data      Debug   Library Member Name

        86          0          0          0          0          0   __dczerorl2.o
         0          0          0          0          0          0   entry.o
         0          0          0          0          0          0   entry10a.o
         0          0          0          0          0          0   entry11a.o
         8          4          0          0          0          0   entry2.o
         4          0          0          0          0          0   entry5.o
         0          0          0          0          0          0   entry7b.o
         0          0          0          0          0          0   entry8b.o
         8          4          0          0          0          0   entry9a.o
        18          0          0          0          0         80   fputc.o
        30          0          0          0          0          0   handlers.o
        36          8          0          0          0         68   init.o
         0          0          0          0          0          0   iusesemip.o
        30          0          0          0          0         68   llshl.o
        32          0          0          0          0         68   llushr.o
        36          0          0          0          0         68   memcpya.o
        36          0          0          0          0        108   memseta.o
        50          8          0          0          0        152   printfb.o
         0          0          0          0          0          0   semi.o
         0          0          0          4          0          0   stdout.o
        14          0          0          0          0         68   strlen.o
        98          0          0          0          0         92   uldiv.o

    ----------------------------------------------------------------------
       490         24          0          4          0        772   Library Totals
         4          0          0          0          0          0   (incl. Padding)

    ----------------------------------------------------------------------

      Code (inc. data)   RO Data    RW Data    ZI Data      Debug   Library Name

       486         24          0          4          0        772   mc_w.l

    ----------------------------------------------------------------------
       490         24          0          4          0        772   Library Totals

    ----------------------------------------------------------------------

==============================================================================


      Code (inc. data)   RO Data    RW Data    ZI Data      Debug   

     21004       1124        504        424      76208     761472   Grand Totals
     21004       1124        504        216      76208     761472   ELF Image Totals (compressed)
     21004       1124        504        216          0          0   ROM Totals

==============================================================================

    Total RO  Size (Code + RO Data)                21508 (  21.00kB)
    Total RW  Size (RW Data + ZI Data)             76632 (  74.84kB)
    Total ROM Size (Code + RO Data + RW Data)      21724 (  21.21kB)

==============================================================================

